Sep  7 15:54:28 raspberrypi mtp-probe: checking bus 1, device 3: "/sys/devices/platform/soc/3f980000.usb/usb1/1-1/1-1.1"
Sep  7 15:54:28 raspberrypi mtp-probe: bus: 1, device: 3 was not an MTP device
Sep  7 15:54:28 raspberrypi kernel: [    0.000000] Booting Linux on physical CPU 0xf00
Sep  7 15:54:28 raspberrypi kernel: [    0.000000] Linux version 4.9.41-v7+ (dc4@dc4-XPS13-9333) (gcc version 4.9.3 (crosstool-NG crosstool-ng-1.22.0-88-g8460611) ) #1023 SMP Tue Aug 8 16:00:15 BST 2017
Sep  7 15:54:28 raspberrypi kernel: [    0.000000] CPU: ARMv7 Processor [410fc075] revision 5 (ARMv7), cr=10c5387d
Sep  7 15:54:28 raspberrypi kernel: [    0.000000] CPU: div instructions available: patching division code
Sep  7 15:54:28 raspberrypi kernel: [    0.000000] CPU: PIPT / VIPT nonaliasing data cache, VIPT aliasing instruction cache
Sep  7 15:54:28 raspberrypi kernel: [    0.000000] OF: fdt:Machine model: Raspberry Pi 2 Model B Rev 1.1
Sep  7 15:54:28 raspberrypi kernel: [    0.000000] cma: Reserved 8 MiB at 0x3ac00000
Sep  7 15:54:28 raspberrypi kernel: [    0.000000] Memory policy: Data cache writealloc
Sep  7 15:54:28 raspberrypi kernel: [    0.000000] percpu: Embedded 14 pages/cpu @ba35c000 s25600 r8192 d23552 u57344
Sep  7 15:54:28 raspberrypi kernel: [    0.000000] Built 1 zonelists in Zone order, mobility grouping on.  Total pages: 240555
Sep  7 15:54:28 raspberrypi kernel: [    0.000000] Kernel command line: bcm2708_fb.fbwidth=1360 bcm2708_fb.fbheight=768 bcm2708_fb.fbswap=1 vc_mem.mem_base=0x3ec00000 vc_mem.mem_size=0x40000000  dwc_otg.lpm_enable=0 console=ttyAMA0,115200 console=tty1 root=PARTUUID=9a89584d-02 rootfstype=ext4 elevator=deadline fsck.repair=yes rootwait
Sep  7 15:54:28 raspberrypi kernel: [    0.000000] PID hash table entries: 4096 (order: 2, 16384 bytes)
Sep  7 15:54:28 raspberrypi kernel: [    0.000000] Dentry cache hash table entries: 131072 (order: 7, 524288 bytes)
Sep  7 15:54:28 raspberrypi kernel: [    0.000000] Inode-cache hash table entries: 65536 (order: 6, 262144 bytes)
Sep  7 15:54:28 raspberrypi kernel: [    0.000000] Memory: 940360K/970752K available (7168K kernel code, 484K rwdata, 2012K rodata, 1024K init, 778K bss, 22200K reserved, 8192K cma-reserved)
Sep  7 15:54:28 raspberrypi kernel: [    0.000000] Virtual kernel memory layout:
Sep  7 15:54:28 raspberrypi kernel: [    0.000000]     vector  : 0xffff0000 - 0xffff1000   (   4 kB)
Sep  7 15:54:28 raspberrypi kernel: [    0.000000]     fixmap  : 0xffc00000 - 0xfff00000   (3072 kB)
Sep  7 15:54:28 raspberrypi kernel: [    0.000000]     vmalloc : 0xbb800000 - 0xff800000   (1088 MB)
Sep  7 15:54:28 raspberrypi kernel: [    0.000000]     lowmem  : 0x80000000 - 0xbb400000   ( 948 MB)
Sep  7 15:54:28 raspberrypi kernel: [    0.000000]     modules : 0x7f000000 - 0x80000000   (  16 MB)
Sep  7 15:54:28 raspberrypi kernel: [    0.000000]       .text : 0x80008000 - 0x80800000   (8160 kB)
Sep  7 15:54:28 raspberrypi kernel: [    0.000000]       .init : 0x80b00000 - 0x80c00000   (1024 kB)
Sep  7 15:54:28 raspberrypi kernel: [    0.000000]       .data : 0x80c00000 - 0x80c79094   ( 485 kB)
Sep  7 15:54:28 raspberrypi kernel: [    0.000000]        .bss : 0x80c7b000 - 0x80d3da64   ( 779 kB)
Sep  7 15:54:28 raspberrypi kernel: [    0.000000] SLUB: HWalign=64, Order=0-3, MinObjects=0, CPUs=4, Nodes=1
Sep  7 15:54:28 raspberrypi kernel: [    0.000000] Hierarchical RCU implementation.
Sep  7 15:54:28 raspberrypi kernel: [    0.000000] 	Build-time adjustment of leaf fanout to 32.
Sep  7 15:54:28 raspberrypi kernel: [    0.000000] NR_IRQS:16 nr_irqs:16 16
Sep  7 15:54:28 raspberrypi kernel: [    0.000000] arm_arch_timer: Architected cp15 timer(s) running at 19.20MHz (phys).
Sep  7 15:54:28 raspberrypi kernel: [    0.000000] clocksource: arch_sys_counter: mask: 0xffffffffffffff max_cycles: 0x46d987e47, max_idle_ns: 440795202767 ns
Sep  7 15:54:28 raspberrypi kernel: [    0.000010] sched_clock: 56 bits at 19MHz, resolution 52ns, wraps every 4398046511078ns
Sep  7 15:54:28 raspberrypi kernel: [    0.000031] Switching to timer-based delay loop, resolution 52ns
Sep  7 15:54:28 raspberrypi kernel: [    0.000343] Console: colour dummy device 80x30
Sep  7 15:54:28 raspberrypi kernel: [    0.001313] console [tty1] enabled
Sep  7 15:54:28 raspberrypi kernel: [    0.001365] Calibrating delay loop (skipped), value calculated using timer frequency.. 38.40 BogoMIPS (lpj=192000)
Sep  7 15:54:28 raspberrypi kernel: [    0.001443] pid_max: default: 32768 minimum: 301
Sep  7 15:54:28 raspberrypi kernel: [    0.001847] Mount-cache hash table entries: 2048 (order: 1, 8192 bytes)
Sep  7 15:54:28 raspberrypi kernel: [    0.001899] Mountpoint-cache hash table entries: 2048 (order: 1, 8192 bytes)
Sep  7 15:54:28 raspberrypi kernel: [    0.003056] Disabling cpuset control group subsystem
Sep  7 15:54:28 raspberrypi kernel: [    0.003284] CPU: Testing write buffer coherency: ok
Sep  7 15:54:28 raspberrypi kernel: [    0.003371] ftrace: allocating 22396 entries in 66 pages
Sep  7 15:54:28 raspberrypi kernel: [    0.054789] CPU0: update cpu_capacity 1024
Sep  7 15:54:28 raspberrypi kernel: [    0.054853] CPU0: thread -1, cpu 0, socket 15, mpidr 80000f00
Sep  7 15:54:28 raspberrypi kernel: [    0.054928] Setting up static identity map for 0x100000 - 0x100034
Sep  7 15:54:28 raspberrypi kernel: [    0.057737] CPU1: update cpu_capacity 1024
Sep  7 15:54:28 raspberrypi kernel: [    0.057749] CPU1: thread -1, cpu 1, socket 15, mpidr 80000f01
Sep  7 15:54:28 raspberrypi kernel: [    0.058768] CPU2: update cpu_capacity 1024
Sep  7 15:54:28 raspberrypi kernel: [    0.058777] CPU2: thread -1, cpu 2, socket 15, mpidr 80000f02
Sep  7 15:54:28 raspberrypi kernel: [    0.059758] CPU3: update cpu_capacity 1024
Sep  7 15:54:28 raspberrypi kernel: [    0.059768] CPU3: thread -1, cpu 3, socket 15, mpidr 80000f03
Sep  7 15:54:28 raspberrypi kernel: [    0.059889] Brought up 4 CPUs
Sep  7 15:54:28 raspberrypi kernel: [    0.060091] SMP: Total of 4 processors activated (153.60 BogoMIPS).
Sep  7 15:54:28 raspberrypi kernel: [    0.060125] CPU: All CPU(s) started in HYP mode.
Sep  7 15:54:28 raspberrypi kernel: [    0.060154] CPU: Virtualization extensions available.
Sep  7 15:54:28 raspberrypi kernel: [    0.061310] devtmpfs: initialized
Sep  7 15:54:28 raspberrypi kernel: [    0.074737] VFP support v0.3: implementor 41 architecture 2 part 30 variant 7 rev 5
Sep  7 15:54:28 raspberrypi kernel: [    0.075194] clocksource: jiffies: mask: 0xffffffff max_cycles: 0xffffffff, max_idle_ns: 19112604462750000 ns
Sep  7 15:54:28 raspberrypi kernel: [    0.075275] futex hash table entries: 1024 (order: 4, 65536 bytes)
Sep  7 15:54:28 raspberrypi kernel: [    0.076079] pinctrl core: initialized pinctrl subsystem
Sep  7 15:54:28 raspberrypi kernel: [    0.077413] NET: Registered protocol family 16
Sep  7 15:54:28 raspberrypi kernel: [    0.080015] DMA: preallocated 1024 KiB pool for atomic coherent allocations
Sep  7 15:54:28 raspberrypi kernel: [    0.090501] hw-breakpoint: found 5 (+1 reserved) breakpoint and 4 watchpoint registers.
Sep  7 15:54:28 raspberrypi kernel: [    0.090562] hw-breakpoint: maximum watchpoint size is 8 bytes.
Sep  7 15:54:28 raspberrypi kernel: [    0.090799] Serial: AMBA PL011 UART driver
Sep  7 15:54:28 raspberrypi kernel: [    0.093243] bcm2835-mbox 3f00b880.mailbox: mailbox enabled
Sep  7 15:54:28 raspberrypi kernel: [    0.176236] bcm2835-dma 3f007000.dma: DMA legacy API manager at bb80f000, dmachans=0x1
Sep  7 15:54:28 raspberrypi kernel: [    0.178725] SCSI subsystem initialized
Sep  7 15:54:28 raspberrypi kernel: [    0.178963] usbcore: registered new interface driver usbfs
Sep  7 15:54:28 raspberrypi kernel: [    0.179095] usbcore: registered new interface driver hub
Sep  7 15:54:28 raspberrypi kernel: [    0.179278] usbcore: registered new device driver usb
Sep  7 15:54:28 raspberrypi kernel: [    0.184654] raspberrypi-firmware soc:firmware: Attached to firmware from 2017-08-08 12:01
Sep  7 15:54:28 raspberrypi kernel: [    0.186420] clocksource: Switched to clocksource arch_sys_counter
Sep  7 15:54:28 raspberrypi kernel: [    0.241604] VFS: Disk quotas dquot_6.6.0
Sep  7 15:54:28 raspberrypi kernel: [    0.241757] VFS: Dquot-cache hash table entries: 1024 (order 0, 4096 bytes)
Sep  7 15:54:28 raspberrypi kernel: [    0.242072] FS-Cache: Loaded
Sep  7 15:54:28 raspberrypi kernel: [    0.242443] CacheFiles: Loaded
Sep  7 15:54:28 raspberrypi kernel: [    0.259025] NET: Registered protocol family 2
Sep  7 15:54:28 raspberrypi kernel: [    0.260309] TCP established hash table entries: 8192 (order: 3, 32768 bytes)
Sep  7 15:54:28 raspberrypi kernel: [    0.260479] TCP bind hash table entries: 8192 (order: 4, 65536 bytes)
Sep  7 15:54:28 raspberrypi kernel: [    0.260698] TCP: Hash tables configured (established 8192 bind 8192)
Sep  7 15:54:28 raspberrypi kernel: [    0.260845] UDP hash table entries: 512 (order: 2, 16384 bytes)
Sep  7 15:54:28 raspberrypi kernel: [    0.260934] UDP-Lite hash table entries: 512 (order: 2, 16384 bytes)
Sep  7 15:54:28 raspberrypi kernel: [    0.261288] NET: Registered protocol family 1
Sep  7 15:54:28 raspberrypi kernel: [    0.261969] RPC: Registered named UNIX socket transport module.
Sep  7 15:54:28 raspberrypi kernel: [    0.262013] RPC: Registered udp transport module.
Sep  7 15:54:28 raspberrypi kernel: [    0.262045] RPC: Registered tcp transport module.
Sep  7 15:54:28 raspberrypi kernel: [    0.262077] RPC: Registered tcp NFSv4.1 backchannel transport module.
Sep  7 15:54:28 raspberrypi kernel: [    0.263153] hw perfevents: enabled with armv7_cortex_a7 PMU driver, 5 counters available
Sep  7 15:54:28 raspberrypi kernel: [    0.266231] workingset: timestamp_bits=14 max_order=18 bucket_order=4
Sep  7 15:54:28 raspberrypi kernel: [    0.285237] FS-Cache: Netfs 'nfs' registered for caching
Sep  7 15:54:28 raspberrypi kernel: [    0.286697] NFS: Registering the id_resolver key type
Sep  7 15:54:28 raspberrypi kernel: [    0.286774] Key type id_resolver registered
Sep  7 15:54:28 raspberrypi kernel: [    0.286807] Key type id_legacy registered
Sep  7 15:54:28 raspberrypi kernel: [    0.290113] Block layer SCSI generic (bsg) driver version 0.4 loaded (major 251)
Sep  7 15:54:28 raspberrypi kernel: [    0.290333] io scheduler noop registered
Sep  7 15:54:28 raspberrypi kernel: [    0.290370] io scheduler deadline registered (default)
Sep  7 15:54:28 raspberrypi kernel: [    0.290783] io scheduler cfq registered
Sep  7 15:54:28 raspberrypi kernel: [    0.296610] BCM2708FB: allocated DMA memory fad00000
Sep  7 15:54:28 raspberrypi kernel: [    0.296687] BCM2708FB: allocated DMA channel 0 @ bb80f000
Sep  7 15:54:28 raspberrypi kernel: [    0.328719] Console: switching to colour frame buffer device 170x48
Sep  7 15:54:28 raspberrypi kernel: [    0.349608] bcm2835-rng 3f104000.rng: hwrng registered
Sep  7 15:54:28 raspberrypi kernel: [    0.349910] vc-cma: Videocore CMA driver
Sep  7 15:54:28 raspberrypi kernel: [    0.350049] vc-cma: vc_cma_base      = 0x00000000
Sep  7 15:54:28 raspberrypi kernel: [    0.350203] vc-cma: vc_cma_size      = 0x00000000 (0 MiB)
Sep  7 15:54:28 raspberrypi kernel: [    0.350375] vc-cma: vc_cma_initial   = 0x00000000 (0 MiB)
Sep  7 15:54:28 raspberrypi kernel: [    0.350811] vc-mem: phys_addr:0x00000000 mem_base=0x3ec00000 mem_size:0x40000000(1024 MiB)
Sep  7 15:54:28 raspberrypi kernel: [    0.372263] brd: module loaded
Sep  7 15:54:28 raspberrypi kernel: [    0.384076] loop: module loaded
Sep  7 15:54:28 raspberrypi kernel: [    0.384229] Loading iSCSI transport class v2.0-870.
Sep  7 15:54:28 raspberrypi kernel: [    0.385137] usbcore: registered new interface driver smsc95xx
Sep  7 15:54:28 raspberrypi kernel: [    0.385351] dwc_otg: version 3.00a 10-AUG-2012 (platform bus)
Sep  7 15:54:28 raspberrypi kernel: [    0.613801] Core Release: 2.80a
Sep  7 15:54:28 raspberrypi kernel: [    0.613934] Setting default values for core params
Sep  7 15:54:28 raspberrypi kernel: [    0.619516] Finished setting default values for core params
Sep  7 15:54:28 raspberrypi kernel: [    0.825465] Using Buffer DMA mode
Sep  7 15:54:28 raspberrypi kernel: [    0.830861] Periodic Transfer Interrupt Enhancement - disabled
Sep  7 15:54:28 raspberrypi kernel: [    0.836368] Multiprocessor Interrupt Enhancement - disabled
Sep  7 15:54:28 raspberrypi kernel: [    0.841926] OTG VER PARAM: 0, OTG VER FLAG: 0
Sep  7 15:54:28 raspberrypi kernel: [    0.847439] Dedicated Tx FIFOs mode
Sep  7 15:54:28 raspberrypi kernel: [    0.853337] WARN::dwc_otg_hcd_init:1032: FIQ DMA bounce buffers: virt = 0xbad14000 dma = 0xfad14000 len=9024
Sep  7 15:54:28 raspberrypi kernel: [    0.859085] FIQ FSM acceleration enabled for :
Sep  7 15:54:28 raspberrypi kernel: [    0.859085] Non-periodic Split Transactions
Sep  7 15:54:28 raspberrypi kernel: [    0.859085] Periodic Split Transactions
Sep  7 15:54:28 raspberrypi kernel: [    0.859085] High-Speed Isochronous Endpoints
Sep  7 15:54:28 raspberrypi kernel: [    0.859085] Interrupt/Control Split Transaction hack enabled
Sep  7 15:54:28 raspberrypi kernel: [    0.886683] WARN::hcd_init_fiq:459: FIQ on core 1 at 0x8058f7fc
Sep  7 15:54:28 raspberrypi kernel: [    0.892337] WARN::hcd_init_fiq:460: FIQ ASM at 0x8058fb6c length 36
Sep  7 15:54:28 raspberrypi kernel: [    0.897977] WARN::hcd_init_fiq:486: MPHI regs_base at 0xbb87a000
Sep  7 15:54:28 raspberrypi kernel: [    0.903605] dwc_otg 3f980000.usb: DWC OTG Controller
Sep  7 15:54:28 raspberrypi kernel: [    0.909177] dwc_otg 3f980000.usb: new USB bus registered, assigned bus number 1
Sep  7 15:54:28 raspberrypi kernel: [    0.914721] dwc_otg 3f980000.usb: irq 62, io mem 0x00000000
Sep  7 15:54:28 raspberrypi kernel: [    0.920218] Init: Port Power? op_state=1
Sep  7 15:54:28 raspberrypi kernel: [    0.925610] Init: Power Port (0)
Sep  7 15:54:28 raspberrypi kernel: [    0.931270] usb usb1: New USB device found, idVendor=1d6b, idProduct=0002
Sep  7 15:54:28 raspberrypi kernel: [    0.936835] usb usb1: New USB device strings: Mfr=3, Product=2, SerialNumber=1
Sep  7 15:54:28 raspberrypi kernel: [    0.942328] usb usb1: Product: DWC OTG Controller
Sep  7 15:54:28 raspberrypi kernel: [    0.947738] usb usb1: Manufacturer: Linux 4.9.41-v7+ dwc_otg_hcd
Sep  7 15:54:28 raspberrypi kernel: [    0.953171] usb usb1: SerialNumber: 3f980000.usb
Sep  7 15:54:28 raspberrypi kernel: [    0.959709] hub 1-0:1.0: USB hub found
Sep  7 15:54:28 raspberrypi kernel: [    0.965196] hub 1-0:1.0: 1 port detected
Sep  7 15:54:28 raspberrypi kernel: [    0.971902] usbcore: registered new interface driver usb-storage
Sep  7 15:54:28 raspberrypi kernel: [    0.977860] mousedev: PS/2 mouse device common for all mice
Sep  7 15:54:28 raspberrypi kernel: [    0.984680] bcm2835-wdt 3f100000.watchdog: Broadcom BCM2835 watchdog timer
Sep  7 15:54:28 raspberrypi kernel: [    0.990644] bcm2835-cpufreq: min=600000 max=900000
Sep  7 15:54:28 raspberrypi kernel: [    0.996738] sdhci: Secure Digital Host Controller Interface driver
Sep  7 15:54:28 raspberrypi kernel: [    1.002335] sdhci: Copyright(c) Pierre Ossman
Sep  7 15:54:28 raspberrypi kernel: [    1.008357] sdhost-bcm2835 3f202000.sdhost: could not get clk, deferring probe
Sep  7 15:54:28 raspberrypi kernel: [    1.014452] sdhci-pltfm: SDHCI platform and OF driver helper
Sep  7 15:54:28 raspberrypi kernel: [    1.021051] ledtrig-cpu: registered to indicate activity on CPUs
Sep  7 15:54:28 raspberrypi kernel: [    1.026998] hidraw: raw HID events driver (C) Jiri Kosina
Sep  7 15:54:28 raspberrypi kernel: [    1.033062] usbcore: registered new interface driver usbhid
Sep  7 15:54:28 raspberrypi kernel: [    1.038914] usbhid: USB HID core driver
Sep  7 15:54:28 raspberrypi kernel: [    1.045770] vchiq: vchiq_init_state: slot_zero = 0xbad80000, is_master = 0
Sep  7 15:54:28 raspberrypi kernel: [    1.053860] Initializing XFRM netlink socket
Sep  7 15:54:28 raspberrypi kernel: [    1.059838] NET: Registered protocol family 17
Sep  7 15:54:28 raspberrypi kernel: [    1.065830] Key type dns_resolver registered
Sep  7 15:54:28 raspberrypi kernel: [    1.072033] Registering SWP/SWPB emulation handler
Sep  7 15:54:28 raspberrypi kernel: [    1.079076] registered taskstats version 1
Sep  7 15:54:28 raspberrypi kernel: [    1.085286] vc-sm: Videocore shared memory driver
Sep  7 15:54:28 raspberrypi kernel: [    1.091046] [vc_sm_connected_init]: start
Sep  7 15:54:28 raspberrypi kernel: [    1.097481] [vc_sm_connected_init]: end - returning 0
Sep  7 15:54:28 raspberrypi kernel: [    1.109551] 3f201000.serial: ttyAMA0 at MMIO 0x3f201000 (irq = 87, base_baud = 0) is a PL011 rev2
Sep  7 15:54:28 raspberrypi kernel: [    2.050854] console [ttyAMA0] enabled
Sep  7 15:54:28 raspberrypi kernel: [    2.062264] sdhost: log_buf @ bad13000 (fad13000)
Sep  7 15:54:28 raspberrypi kernel: [    2.093444] Indeed it is in host mode hprt0 = 00021501
Sep  7 15:54:28 raspberrypi kernel: [    2.186471] mmc0: sdhost-bcm2835 loaded - DMA enabled (>1)
Sep  7 15:54:28 raspberrypi kernel: [    2.193701] random: fast init done
Sep  7 15:54:28 raspberrypi kernel: [    2.206938] of_cfs_init
Sep  7 15:54:28 raspberrypi kernel: [    2.215141] of_cfs_init: OK
Sep  7 15:54:28 raspberrypi kernel: [    2.224348] Waiting for root device PARTUUID=9a89584d-02...
Sep  7 15:54:28 raspberrypi kernel: [    2.296474] usb 1-1: new high-speed USB device number 2 using dwc_otg
Sep  7 15:54:28 raspberrypi kernel: [    2.309100] Indeed it is in host mode hprt0 = 00001101
Sep  7 15:54:28 raspberrypi kernel: [    2.415880] mmc0: host does not support reading read-only switch, assuming write-enable
Sep  7 15:54:28 raspberrypi kernel: [    2.433219] mmc0: new high speed SDHC card at address aaaa
Sep  7 15:54:28 raspberrypi kernel: [    2.445543] mmcblk0: mmc0:aaaa SL08G 7.40 GiB
Sep  7 15:54:28 raspberrypi kernel: [    2.458316]  mmcblk0: p1 p2
Sep  7 15:54:28 raspberrypi kernel: [    2.546800] usb 1-1: New USB device found, idVendor=0424, idProduct=9514
Sep  7 15:54:28 raspberrypi kernel: [    2.559459] usb 1-1: New USB device strings: Mfr=0, Product=0, SerialNumber=0
Sep  7 15:54:28 raspberrypi kernel: [    2.573432] hub 1-1:1.0: USB hub found
Sep  7 15:54:28 raspberrypi kernel: [    2.583121] hub 1-1:1.0: 5 ports detected
Sep  7 15:54:28 raspberrypi kernel: [    2.718662] EXT4-fs (mmcblk0p2): mounted filesystem with ordered data mode. Opts: (null)
Sep  7 15:54:28 raspberrypi kernel: [    2.732881] VFS: Mounted root (ext4 filesystem) readonly on device 179:2.
Sep  7 15:54:28 raspberrypi kernel: [    2.754292] devtmpfs: mounted
Sep  7 15:54:28 raspberrypi kernel: [    2.765355] Freeing unused kernel memory: 1024K (80b00000 - 80c00000)
Sep  7 15:54:28 raspberrypi kernel: [    2.906499] usb 1-1.1: new high-speed USB device number 3 using dwc_otg
Sep  7 15:54:28 raspberrypi kernel: [    3.046937] usb 1-1.1: New USB device found, idVendor=0424, idProduct=ec00
Sep  7 15:54:28 raspberrypi kernel: [    3.060097] usb 1-1.1: New USB device strings: Mfr=0, Product=0, SerialNumber=0
Sep  7 15:54:28 raspberrypi kernel: [    3.076891] smsc95xx v1.0.5
Sep  7 15:54:28 raspberrypi kernel: [    3.181366] smsc95xx 1-1.1:1.0 eth0: register 'smsc95xx' at usb-3f980000.usb-1.1, smsc95xx USB 2.0 Ethernet, b8:27:eb:21:12:13
Sep  7 15:54:28 raspberrypi kernel: [    3.332770] NET: Registered protocol family 10
Sep  7 15:54:28 raspberrypi kernel: [    3.363731] ip_tables: (C) 2000-2006 Netfilter Core Team
Sep  7 15:54:28 raspberrypi kernel: [    3.592985] uart-pl011 3f201000.serial: no DMA platform data
Sep  7 15:54:28 raspberrypi kernel: [    4.874678] EXT4-fs (mmcblk0p2): re-mounted. Opts: (null)
Sep  7 15:54:28 raspberrypi kernel: [    5.590092] gpiomem-bcm2835 3f200000.gpiomem: Initialised: Registers at 0x3f200000
Sep  7 15:54:28 raspberrypi liblogging-stdlog:  [origin software="rsyslogd" swVersion="8.24.0" x-pid="300" x-info="http://www.rsyslog.com"] start
Sep  7 15:54:28 raspberrypi kernel: [    7.302527] smsc95xx 1-1.1:1.0 eth0: hardware isn't capable of remote wakeup
Sep  7 15:54:28 raspberrypi kernel: [    7.302913] IPv6: ADDRCONF(NETDEV_UP): eth0: link is not ready
Sep  7 15:54:29 raspberrypi kernel: [    7.626653] EXT4-fs (mmcblk0p2): resizing filesystem from 441005 to 1928704 blocks
Sep  7 15:54:29 raspberrypi kernel: [    7.998361] Adding 102396k swap on /var/swap.  Priority:-1 extents:1 across:102396k SSFS
Sep  7 15:54:29 raspberrypi kernel: [    8.009704] EXT4-fs (mmcblk0p2): resized filesystem to 1928704
Sep  7 15:54:30 raspberrypi kernel: [    8.816396] IPv6: ADDRCONF(NETDEV_CHANGE): eth0: link becomes ready
Sep  7 15:54:30 raspberrypi kernel: [    8.817600] smsc95xx 1-1.1:1.0 eth0: link up, 100Mbps, full-duplex, lpa 0xC5E1
Sep  7 15:54:52 raspberrypi kernel: [   30.887267] random: crng init done
Oct  6 04:30:02 raspberrypi kernel: [   37.666482] usb 1-1.2: new full-speed USB device number 4 using dwc_otg
Oct  6 04:30:02 raspberrypi kernel: [   37.803506] usb 1-1.2: New USB device found, idVendor=046d, idProduct=c223
Oct  6 04:30:02 raspberrypi kernel: [   37.803523] usb 1-1.2: New USB device strings: Mfr=0, Product=2, SerialNumber=0
Oct  6 04:30:02 raspberrypi kernel: [   37.803534] usb 1-1.2: Product: G15 Keyboard Hub
Oct  6 04:30:02 raspberrypi kernel: [   37.804913] hub 1-1.2:1.0: USB hub found
Oct  6 04:30:02 raspberrypi kernel: [   37.805503] hub 1-1.2:1.0: 4 ports detected
Oct  6 04:30:02 raspberrypi kernel: [   38.136482] usb 1-1.2.1: new low-speed USB device number 5 using dwc_otg
Oct  6 04:30:02 raspberrypi kernel: [   38.291637] usb 1-1.2.1: New USB device found, idVendor=046d, idProduct=c226
Oct  6 04:30:02 raspberrypi kernel: [   38.291654] usb 1-1.2.1: New USB device strings: Mfr=0, Product=2, SerialNumber=0
Oct  6 04:30:02 raspberrypi kernel: [   38.291665] usb 1-1.2.1: Product: G15 Gaming Keyboard
Oct  6 04:30:02 raspberrypi kernel: [   38.307236] input: G15 Gaming Keyboard as /devices/platform/soc/3f980000.usb/usb1/1-1/1-1.2/1-1.2.1/1-1.2.1:1.0/0003:046D:C226.0001/input/input0
Oct  6 04:30:02 raspberrypi kernel: [   38.378036] hid-generic 0003:046D:C226.0001: input,hidraw0: USB HID v1.10 Keyboard [G15 Gaming Keyboard] on usb-3f980000.usb-1.2.1/input0
Oct  6 04:30:02 raspberrypi kernel: [   38.397577] input: G15 Gaming Keyboard as /devices/platform/soc/3f980000.usb/usb1/1-1/1-1.2/1-1.2.1/1-1.2.1:1.1/0003:046D:C226.0002/input/input1
Oct  6 04:30:02 raspberrypi kernel: [   38.467387] hid-generic 0003:046D:C226.0002: input,hiddev0,hidraw1: USB HID v1.10 Device [G15 Gaming Keyboard] on usb-3f980000.usb-1.2.1/input1
Oct  6 04:30:02 raspberrypi mtp-probe: checking bus 1, device 5: "/sys/devices/platform/soc/3f980000.usb/usb1/1-1/1-1.2/1-1.2.1"
Oct  6 04:30:02 raspberrypi mtp-probe: bus: 1, device: 5 was not an MTP device
Oct  6 04:30:02 raspberrypi kernel: [   38.566577] usb 1-1.2.4: new full-speed USB device number 6 using dwc_otg
Oct  6 04:30:03 raspberrypi kernel: [   38.714919] usb 1-1.2.4: New USB device found, idVendor=046d, idProduct=c227
Oct  6 04:30:03 raspberrypi kernel: [   38.714941] usb 1-1.2.4: New USB device strings: Mfr=0, Product=2, SerialNumber=0
Oct  6 04:30:03 raspberrypi kernel: [   38.714952] usb 1-1.2.4: Product: G15 GamePanel LCD
Oct  6 04:30:03 raspberrypi kernel: [   38.741660] input: G15 GamePanel LCD as /devices/platform/soc/3f980000.usb/usb1/1-1/1-1.2/1-1.2.4/1-1.2.4:1.0/0003:046D:C227.0003/input/input2
Oct  6 04:30:03 raspberrypi kernel: [   38.807634] hid-generic 0003:046D:C227.0003: input,hiddev0,hidraw2: USB HID v1.11 Keypad [G15 GamePanel LCD] on usb-3f980000.usb-1.2.4/input0
Oct  6 04:30:03 raspberrypi mtp-probe: checking bus 1, device 6: "/sys/devices/platform/soc/3f980000.usb/usb1/1-1/1-1.2/1-1.2.4"
Oct  6 04:30:03 raspberrypi mtp-probe: bus: 1, device: 6 was not an MTP device
Oct  6 04:34:56 raspberrypi mtp-probe: checking bus 1, device 3: "/sys/devices/platform/soc/3f980000.usb/usb1/1-1/1-1.1"
Oct  6 04:34:56 raspberrypi mtp-probe: bus: 1, device: 3 was not an MTP device
Oct  6 04:34:56 raspberrypi kernel: [    0.000000] Booting Linux on physical CPU 0xf00
Oct  6 04:34:56 raspberrypi kernel: [    0.000000] Linux version 4.9.41-v7+ (dc4@dc4-XPS13-9333) (gcc version 4.9.3 (crosstool-NG crosstool-ng-1.22.0-88-g8460611) ) #1023 SMP Tue Aug 8 16:00:15 BST 2017
Oct  6 04:34:56 raspberrypi kernel: [    0.000000] CPU: ARMv7 Processor [410fc075] revision 5 (ARMv7), cr=10c5387d
Oct  6 04:34:56 raspberrypi kernel: [    0.000000] CPU: div instructions available: patching division code
Oct  6 04:34:56 raspberrypi kernel: [    0.000000] CPU: PIPT / VIPT nonaliasing data cache, VIPT aliasing instruction cache
Oct  6 04:34:56 raspberrypi kernel: [    0.000000] OF: fdt:Machine model: Raspberry Pi 2 Model B Rev 1.1
Oct  6 04:34:56 raspberrypi kernel: [    0.000000] cma: Reserved 8 MiB at 0x3ac00000
Oct  6 04:34:56 raspberrypi kernel: [    0.000000] Memory policy: Data cache writealloc
Oct  6 04:34:56 raspberrypi kernel: [    0.000000] percpu: Embedded 14 pages/cpu @ba35c000 s25600 r8192 d23552 u57344
Oct  6 04:34:56 raspberrypi kernel: [    0.000000] Built 1 zonelists in Zone order, mobility grouping on.  Total pages: 240555
Oct  6 04:34:56 raspberrypi kernel: [    0.000000] Kernel command line: bcm2708_fb.fbwidth=656 bcm2708_fb.fbheight=416 bcm2708_fb.fbswap=1 vc_mem.mem_base=0x3ec00000 vc_mem.mem_size=0x40000000  dwc_otg.lpm_enable=0 console=ttyAMA0,115200 console=tty1 root=PARTUUID=9a89584d-02 rootfstype=ext4 elevator=deadline fsck.repair=yes rootwait
Oct  6 04:34:56 raspberrypi kernel: [    0.000000] PID hash table entries: 4096 (order: 2, 16384 bytes)
Oct  6 04:34:56 raspberrypi kernel: [    0.000000] Dentry cache hash table entries: 131072 (order: 7, 524288 bytes)
Oct  6 04:34:56 raspberrypi kernel: [    0.000000] Inode-cache hash table entries: 65536 (order: 6, 262144 bytes)
Oct  6 04:34:56 raspberrypi kernel: [    0.000000] Memory: 940360K/970752K available (7168K kernel code, 484K rwdata, 2012K rodata, 1024K init, 778K bss, 22200K reserved, 8192K cma-reserved)
Oct  6 04:34:56 raspberrypi kernel: [    0.000000] Virtual kernel memory layout:
Oct  6 04:34:56 raspberrypi kernel: [    0.000000]     vector  : 0xffff0000 - 0xffff1000   (   4 kB)
Oct  6 04:34:56 raspberrypi kernel: [    0.000000]     fixmap  : 0xffc00000 - 0xfff00000   (3072 kB)
Oct  6 04:34:56 raspberrypi kernel: [    0.000000]     vmalloc : 0xbb800000 - 0xff800000   (1088 MB)
Oct  6 04:34:56 raspberrypi kernel: [    0.000000]     lowmem  : 0x80000000 - 0xbb400000   ( 948 MB)
Oct  6 04:34:56 raspberrypi kernel: [    0.000000]     modules : 0x7f000000 - 0x80000000   (  16 MB)
Oct  6 04:34:56 raspberrypi kernel: [    0.000000]       .text : 0x80008000 - 0x80800000   (8160 kB)
Oct  6 04:34:56 raspberrypi kernel: [    0.000000]       .init : 0x80b00000 - 0x80c00000   (1024 kB)
Oct  6 04:34:56 raspberrypi kernel: [    0.000000]       .data : 0x80c00000 - 0x80c79094   ( 485 kB)
Oct  6 04:34:56 raspberrypi kernel: [    0.000000]        .bss : 0x80c7b000 - 0x80d3da64   ( 779 kB)
Oct  6 04:34:56 raspberrypi kernel: [    0.000000] SLUB: HWalign=64, Order=0-3, MinObjects=0, CPUs=4, Nodes=1
Oct  6 04:34:56 raspberrypi kernel: [    0.000000] Hierarchical RCU implementation.
Oct  6 04:34:56 raspberrypi kernel: [    0.000000] 	Build-time adjustment of leaf fanout to 32.
Oct  6 04:34:56 raspberrypi kernel: [    0.000000] NR_IRQS:16 nr_irqs:16 16
Oct  6 04:34:56 raspberrypi kernel: [    0.000000] arm_arch_timer: Architected cp15 timer(s) running at 19.20MHz (phys).
Oct  6 04:34:56 raspberrypi kernel: [    0.000000] clocksource: arch_sys_counter: mask: 0xffffffffffffff max_cycles: 0x46d987e47, max_idle_ns: 440795202767 ns
Oct  6 04:34:56 raspberrypi kernel: [    0.000011] sched_clock: 56 bits at 19MHz, resolution 52ns, wraps every 4398046511078ns
Oct  6 04:34:56 raspberrypi kernel: [    0.000031] Switching to timer-based delay loop, resolution 52ns
Oct  6 04:34:56 raspberrypi kernel: [    0.000342] Console: colour dummy device 80x30
Oct  6 04:34:56 raspberrypi kernel: [    0.001307] console [tty1] enabled
Oct  6 04:34:56 raspberrypi kernel: [    0.001360] Calibrating delay loop (skipped), value calculated using timer frequency.. 38.40 BogoMIPS (lpj=192000)
Oct  6 04:34:56 raspberrypi kernel: [    0.001437] pid_max: default: 32768 minimum: 301
Oct  6 04:34:56 raspberrypi kernel: [    0.001837] Mount-cache hash table entries: 2048 (order: 1, 8192 bytes)
Oct  6 04:34:56 raspberrypi kernel: [    0.001889] Mountpoint-cache hash table entries: 2048 (order: 1, 8192 bytes)
Oct  6 04:34:56 raspberrypi kernel: [    0.003051] Disabling cpuset control group subsystem
Oct  6 04:34:56 raspberrypi kernel: [    0.003281] CPU: Testing write buffer coherency: ok
Oct  6 04:34:56 raspberrypi kernel: [    0.003368] ftrace: allocating 22396 entries in 66 pages
Oct  6 04:34:56 raspberrypi kernel: [    0.054785] CPU0: update cpu_capacity 1024
Oct  6 04:34:56 raspberrypi kernel: [    0.054851] CPU0: thread -1, cpu 0, socket 15, mpidr 80000f00
Oct  6 04:34:56 raspberrypi kernel: [    0.054927] Setting up static identity map for 0x100000 - 0x100034
Oct  6 04:34:56 raspberrypi kernel: [    0.057735] CPU1: update cpu_capacity 1024
Oct  6 04:34:56 raspberrypi kernel: [    0.057746] CPU1: thread -1, cpu 1, socket 15, mpidr 80000f01
Oct  6 04:34:56 raspberrypi kernel: [    0.058765] CPU2: update cpu_capacity 1024
Oct  6 04:34:56 raspberrypi kernel: [    0.058775] CPU2: thread -1, cpu 2, socket 15, mpidr 80000f02
Oct  6 04:34:56 raspberrypi kernel: [    0.059749] CPU3: update cpu_capacity 1024
Oct  6 04:34:56 raspberrypi kernel: [    0.059759] CPU3: thread -1, cpu 3, socket 15, mpidr 80000f03
Oct  6 04:34:56 raspberrypi kernel: [    0.059883] Brought up 4 CPUs
Oct  6 04:34:56 raspberrypi kernel: [    0.060083] SMP: Total of 4 processors activated (153.60 BogoMIPS).
Oct  6 04:34:56 raspberrypi kernel: [    0.060117] CPU: All CPU(s) started in HYP mode.
Oct  6 04:34:56 raspberrypi kernel: [    0.060146] CPU: Virtualization extensions available.
Oct  6 04:34:56 raspberrypi kernel: [    0.061308] devtmpfs: initialized
Oct  6 04:34:56 raspberrypi kernel: [    0.074696] VFP support v0.3: implementor 41 architecture 2 part 30 variant 7 rev 5
Oct  6 04:34:56 raspberrypi kernel: [    0.075145] clocksource: jiffies: mask: 0xffffffff max_cycles: 0xffffffff, max_idle_ns: 19112604462750000 ns
Oct  6 04:34:56 raspberrypi kernel: [    0.075227] futex hash table entries: 1024 (order: 4, 65536 bytes)
Oct  6 04:34:56 raspberrypi kernel: [    0.076028] pinctrl core: initialized pinctrl subsystem
Oct  6 04:34:56 raspberrypi kernel: [    0.077363] NET: Registered protocol family 16
Oct  6 04:34:56 raspberrypi kernel: [    0.079965] DMA: preallocated 1024 KiB pool for atomic coherent allocations
Oct  6 04:34:56 raspberrypi kernel: [    0.090452] hw-breakpoint: found 5 (+1 reserved) breakpoint and 4 watchpoint registers.
Oct  6 04:34:56 raspberrypi kernel: [    0.090514] hw-breakpoint: maximum watchpoint size is 8 bytes.
Oct  6 04:34:56 raspberrypi kernel: [    0.090750] Serial: AMBA PL011 UART driver
Oct  6 04:34:56 raspberrypi kernel: [    0.093203] bcm2835-mbox 3f00b880.mailbox: mailbox enabled
Oct  6 04:34:56 raspberrypi kernel: [    0.176204] bcm2835-dma 3f007000.dma: DMA legacy API manager at bb80f000, dmachans=0x1
Oct  6 04:34:56 raspberrypi kernel: [    0.178682] SCSI subsystem initialized
Oct  6 04:34:56 raspberrypi kernel: [    0.178921] usbcore: registered new interface driver usbfs
Oct  6 04:34:56 raspberrypi liblogging-stdlog:  [origin software="rsyslogd" swVersion="8.24.0" x-pid="303" x-info="http://www.rsyslog.com"] start
Oct  6 04:34:56 raspberrypi kernel: [    0.179050] usbcore: registered new interface driver hub
Oct  6 04:34:56 raspberrypi kernel: [    0.179230] usbcore: registered new device driver usb
Oct  6 04:34:56 raspberrypi kernel: [    0.184645] raspberrypi-firmware soc:firmware: Attached to firmware from 2017-08-08 12:01
Oct  6 04:34:56 raspberrypi kernel: [    0.186409] clocksource: Switched to clocksource arch_sys_counter
Oct  6 04:34:56 raspberrypi kernel: [    0.241572] VFS: Disk quotas dquot_6.6.0
Oct  6 04:34:56 raspberrypi kernel: [    0.241726] VFS: Dquot-cache hash table entries: 1024 (order 0, 4096 bytes)
Oct  6 04:34:56 raspberrypi kernel: [    0.242046] FS-Cache: Loaded
Oct  6 04:34:56 raspberrypi kernel: [    0.242438] CacheFiles: Loaded
Oct  6 04:34:56 raspberrypi kernel: [    0.258975] NET: Registered protocol family 2
Oct  6 04:34:56 raspberrypi kernel: [    0.260255] TCP established hash table entries: 8192 (order: 3, 32768 bytes)
Oct  6 04:34:56 raspberrypi kernel: [    0.260424] TCP bind hash table entries: 8192 (order: 4, 65536 bytes)
Oct  6 04:34:56 raspberrypi kernel: [    0.260642] TCP: Hash tables configured (established 8192 bind 8192)
Oct  6 04:34:56 raspberrypi kernel: [    0.260785] UDP hash table entries: 512 (order: 2, 16384 bytes)
Oct  6 04:34:56 raspberrypi kernel: [    0.260872] UDP-Lite hash table entries: 512 (order: 2, 16384 bytes)
Oct  6 04:34:56 raspberrypi kernel: [    0.261211] NET: Registered protocol family 1
Oct  6 04:34:56 raspberrypi kernel: [    0.261884] RPC: Registered named UNIX socket transport module.
Oct  6 04:34:56 raspberrypi kernel: [    0.261930] RPC: Registered udp transport module.
Oct  6 04:34:56 raspberrypi kernel: [    0.261962] RPC: Registered tcp transport module.
Oct  6 04:34:56 raspberrypi kernel: [    0.261993] RPC: Registered tcp NFSv4.1 backchannel transport module.
Oct  6 04:34:56 raspberrypi kernel: [    0.263060] hw perfevents: enabled with armv7_cortex_a7 PMU driver, 5 counters available
Oct  6 04:34:56 raspberrypi kernel: [    0.266147] workingset: timestamp_bits=14 max_order=18 bucket_order=4
Oct  6 04:34:56 raspberrypi kernel: [    0.285141] FS-Cache: Netfs 'nfs' registered for caching
Oct  6 04:34:56 raspberrypi kernel: [    0.286617] NFS: Registering the id_resolver key type
Oct  6 04:34:56 raspberrypi kernel: [    0.286704] Key type id_resolver registered
Oct  6 04:34:56 raspberrypi kernel: [    0.286739] Key type id_legacy registered
Oct  6 04:34:56 raspberrypi kernel: [    0.290003] Block layer SCSI generic (bsg) driver version 0.4 loaded (major 251)
Oct  6 04:34:56 raspberrypi kernel: [    0.290229] io scheduler noop registered
Oct  6 04:34:56 raspberrypi kernel: [    0.290267] io scheduler deadline registered (default)
Oct  6 04:34:56 raspberrypi kernel: [    0.290653] io scheduler cfq registered
Oct  6 04:34:56 raspberrypi kernel: [    0.296506] BCM2708FB: allocated DMA memory fad00000
Oct  6 04:34:56 raspberrypi kernel: [    0.296585] BCM2708FB: allocated DMA channel 0 @ bb80f000
Oct  6 04:34:56 raspberrypi kernel: [    0.306198] Console: switching to colour frame buffer device 82x26
Oct  6 04:34:56 raspberrypi kernel: [    0.316244] bcm2835-rng 3f104000.rng: hwrng registered
Oct  6 04:34:56 raspberrypi kernel: [    0.319037] vc-cma: Videocore CMA driver
Oct  6 04:34:56 raspberrypi kernel: [    0.321556] vc-cma: vc_cma_base      = 0x00000000
Oct  6 04:34:56 raspberrypi kernel: [    0.324074] vc-cma: vc_cma_size      = 0x00000000 (0 MiB)
Oct  6 04:34:56 raspberrypi kernel: [    0.326674] vc-cma: vc_cma_initial   = 0x00000000 (0 MiB)
Oct  6 04:34:56 raspberrypi kernel: [    0.329489] vc-mem: phys_addr:0x00000000 mem_base=0x3ec00000 mem_size:0x40000000(1024 MiB)
Oct  6 04:34:56 raspberrypi kernel: [    0.355210] brd: module loaded
Oct  6 04:34:56 raspberrypi kernel: [    0.369126] loop: module loaded
Oct  6 04:34:56 raspberrypi kernel: [    0.371454] Loading iSCSI transport class v2.0-870.
Oct  6 04:34:56 raspberrypi kernel: [    0.374505] usbcore: registered new interface driver smsc95xx
Oct  6 04:34:56 raspberrypi kernel: [    0.376947] dwc_otg: version 3.00a 10-AUG-2012 (platform bus)
Oct  6 04:34:56 raspberrypi kernel: [    0.607638] Core Release: 2.80a
Oct  6 04:34:56 raspberrypi kernel: [    0.609986] Setting default values for core params
Oct  6 04:34:56 raspberrypi kernel: [    0.612313] Finished setting default values for core params
Oct  6 04:34:56 raspberrypi kernel: [    0.815105] Using Buffer DMA mode
Oct  6 04:34:56 raspberrypi kernel: [    0.817462] Periodic Transfer Interrupt Enhancement - disabled
Oct  6 04:34:56 raspberrypi kernel: [    0.819902] Multiprocessor Interrupt Enhancement - disabled
Oct  6 04:34:56 raspberrypi kernel: [    0.822355] OTG VER PARAM: 0, OTG VER FLAG: 0
Oct  6 04:34:56 raspberrypi kernel: [    0.824848] Dedicated Tx FIFOs mode
Oct  6 04:34:56 raspberrypi kernel: [    0.827768] WARN::dwc_otg_hcd_init:1032: FIQ DMA bounce buffers: virt = 0xbad14000 dma = 0xfad14000 len=9024
Oct  6 04:34:56 raspberrypi kernel: [    0.832807] FIQ FSM acceleration enabled for :
Oct  6 04:34:56 raspberrypi kernel: [    0.832807] Non-periodic Split Transactions
Oct  6 04:34:56 raspberrypi kernel: [    0.832807] Periodic Split Transactions
Oct  6 04:34:56 raspberrypi kernel: [    0.832807] High-Speed Isochronous Endpoints
Oct  6 04:34:56 raspberrypi kernel: [    0.832807] Interrupt/Control Split Transaction hack enabled
Oct  6 04:34:56 raspberrypi kernel: [    0.845738] WARN::hcd_init_fiq:459: FIQ on core 1 at 0x8058f7fc
Oct  6 04:34:56 raspberrypi kernel: [    0.848346] WARN::hcd_init_fiq:460: FIQ ASM at 0x8058fb6c length 36
Oct  6 04:34:56 raspberrypi kernel: [    0.850982] WARN::hcd_init_fiq:486: MPHI regs_base at 0xbb87a000
Oct  6 04:34:56 raspberrypi kernel: [    0.853689] dwc_otg 3f980000.usb: DWC OTG Controller
Oct  6 04:34:56 raspberrypi kernel: [    0.856324] dwc_otg 3f980000.usb: new USB bus registered, assigned bus number 1
Oct  6 04:34:56 raspberrypi kernel: [    0.859046] dwc_otg 3f980000.usb: irq 62, io mem 0x00000000
Oct  6 04:34:56 raspberrypi kernel: [    0.861673] Init: Port Power? op_state=1
Oct  6 04:34:56 raspberrypi kernel: [    0.864228] Init: Power Port (0)
Oct  6 04:34:56 raspberrypi kernel: [    0.867024] usb usb1: New USB device found, idVendor=1d6b, idProduct=0002
Oct  6 04:34:56 raspberrypi kernel: [    0.869645] usb usb1: New USB device strings: Mfr=3, Product=2, SerialNumber=1
Oct  6 04:34:56 raspberrypi kernel: [    0.872246] usb usb1: Product: DWC OTG Controller
Oct  6 04:34:56 raspberrypi kernel: [    0.874791] usb usb1: Manufacturer: Linux 4.9.41-v7+ dwc_otg_hcd
Oct  6 04:34:56 raspberrypi kernel: [    0.877395] usb usb1: SerialNumber: 3f980000.usb
Oct  6 04:34:56 raspberrypi kernel: [    0.880965] hub 1-0:1.0: USB hub found
Oct  6 04:34:56 raspberrypi kernel: [    0.883503] hub 1-0:1.0: 1 port detected
Oct  6 04:34:56 raspberrypi kernel: [    0.887145] usbcore: registered new interface driver usb-storage
Oct  6 04:34:56 raspberrypi kernel: [    0.889928] mousedev: PS/2 mouse device common for all mice
Oct  6 04:34:56 raspberrypi kernel: [    0.893637] bcm2835-wdt 3f100000.watchdog: Broadcom BCM2835 watchdog timer
Oct  6 04:34:56 raspberrypi kernel: [    0.896656] bcm2835-cpufreq: min=600000 max=900000
Oct  6 04:34:56 raspberrypi kernel: [    0.899725] sdhci: Secure Digital Host Controller Interface driver
Oct  6 04:34:56 raspberrypi kernel: [    0.902350] sdhci: Copyright(c) Pierre Ossman
Oct  6 04:34:56 raspberrypi kernel: [    0.905261] sdhost-bcm2835 3f202000.sdhost: could not get clk, deferring probe
Oct  6 04:34:56 raspberrypi kernel: [    0.908277] sdhci-pltfm: SDHCI platform and OF driver helper
Oct  6 04:34:56 raspberrypi kernel: [    0.911806] ledtrig-cpu: registered to indicate activity on CPUs
Oct  6 04:34:56 raspberrypi kernel: [    0.914738] hidraw: raw HID events driver (C) Jiri Kosina
Oct  6 04:34:56 raspberrypi kernel: [    0.917799] usbcore: registered new interface driver usbhid
Oct  6 04:34:56 raspberrypi kernel: [    0.920556] usbhid: USB HID core driver
Oct  6 04:34:56 raspberrypi kernel: [    0.924254] vchiq: vchiq_init_state: slot_zero = 0xbad80000, is_master = 0
Oct  6 04:34:56 raspberrypi kernel: [    0.929276] Initializing XFRM netlink socket
Oct  6 04:34:56 raspberrypi kernel: [    0.932140] NET: Registered protocol family 17
Oct  6 04:34:56 raspberrypi kernel: [    0.935092] Key type dns_resolver registered
Oct  6 04:34:56 raspberrypi kernel: [    0.938259] Registering SWP/SWPB emulation handler
Oct  6 04:34:56 raspberrypi kernel: [    0.941959] registered taskstats version 1
Oct  6 04:34:56 raspberrypi kernel: [    0.945140] vc-sm: Videocore shared memory driver
Oct  6 04:34:56 raspberrypi kernel: [    0.947930] [vc_sm_connected_init]: start
Oct  6 04:34:56 raspberrypi kernel: [    0.951399] [vc_sm_connected_init]: end - returning 0
Oct  6 04:34:56 raspberrypi kernel: [    0.960488] 3f201000.serial: ttyAMA0 at MMIO 0x3f201000 (irq = 87, base_baud = 0) is a PL011 rev2
Oct  6 04:34:56 raspberrypi kernel: [    1.901332] console [ttyAMA0] enabled
Oct  6 04:34:56 raspberrypi kernel: [    1.909700] sdhost: log_buf @ bad13000 (fad13000)
Oct  6 04:34:56 raspberrypi kernel: [    1.996445] mmc0: sdhost-bcm2835 loaded - DMA enabled (>1)
Oct  6 04:34:56 raspberrypi kernel: [    2.004801] of_cfs_init
Oct  6 04:34:56 raspberrypi kernel: [    2.010014] of_cfs_init: OK
Oct  6 04:34:56 raspberrypi kernel: [    2.015968] Waiting for root device PARTUUID=9a89584d-02...
Oct  6 04:34:56 raspberrypi kernel: [    2.056551] Indeed it is in host mode hprt0 = 00021501
Oct  6 04:34:56 raspberrypi kernel: [    2.153488] random: fast init done
Oct  6 04:34:56 raspberrypi kernel: [    2.185516] mmc0: host does not support reading read-only switch, assuming write-enable
Oct  6 04:34:56 raspberrypi kernel: [    2.202380] mmc0: new high speed SDHC card at address aaaa
Oct  6 04:34:56 raspberrypi kernel: [    2.211501] mmcblk0: mmc0:aaaa SL08G 7.40 GiB
Oct  6 04:34:56 raspberrypi kernel: [    2.220714]  mmcblk0: p1 p2
Oct  6 04:34:56 raspberrypi kernel: [    2.261229] EXT4-fs (mmcblk0p2): mounted filesystem with ordered data mode. Opts: (null)
Oct  6 04:34:56 raspberrypi kernel: [    2.266481] usb 1-1: new high-speed USB device number 2 using dwc_otg
Oct  6 04:34:56 raspberrypi kernel: [    2.266691] Indeed it is in host mode hprt0 = 00001101
Oct  6 04:34:56 raspberrypi kernel: [    2.292116] VFS: Mounted root (ext4 filesystem) readonly on device 179:2.
Oct  6 04:34:56 raspberrypi kernel: [    2.312352] devtmpfs: mounted
Oct  6 04:34:56 raspberrypi kernel: [    2.328496] Freeing unused kernel memory: 1024K (80b00000 - 80c00000)
Oct  6 04:34:56 raspberrypi kernel: [    2.496939] usb 1-1: New USB device found, idVendor=0424, idProduct=9514
Oct  6 04:34:56 raspberrypi kernel: [    2.506804] usb 1-1: New USB device strings: Mfr=0, Product=0, SerialNumber=0
Oct  6 04:34:56 raspberrypi kernel: [    2.518173] hub 1-1:1.0: USB hub found
Oct  6 04:34:56 raspberrypi kernel: [    2.525111] hub 1-1:1.0: 5 ports detected
Oct  6 04:34:56 raspberrypi kernel: [    2.846479] usb 1-1.1: new high-speed USB device number 3 using dwc_otg
Oct  6 04:34:56 raspberrypi kernel: [    2.897032] NET: Registered protocol family 10
Oct  6 04:34:56 raspberrypi kernel: [    2.923917] ip_tables: (C) 2000-2006 Netfilter Core Team
Oct  6 04:34:56 raspberrypi kernel: [    2.996906] usb 1-1.1: New USB device found, idVendor=0424, idProduct=ec00
Oct  6 04:34:56 raspberrypi kernel: [    2.996918] usb 1-1.1: New USB device strings: Mfr=0, Product=0, SerialNumber=0
Oct  6 04:34:56 raspberrypi kernel: [    3.000086] smsc95xx v1.0.5
Oct  6 04:34:56 raspberrypi kernel: [    3.105261] smsc95xx 1-1.1:1.0 eth0: register 'smsc95xx' at usb-3f980000.usb-1.1, smsc95xx USB 2.0 Ethernet, b8:27:eb:21:12:13
Oct  6 04:34:56 raspberrypi kernel: [    3.130745] uart-pl011 3f201000.serial: no DMA platform data
Oct  6 04:34:56 raspberrypi kernel: [    4.270462] EXT4-fs (mmcblk0p2): re-mounted. Opts: (null)
Oct  6 04:34:56 raspberrypi kernel: [    4.927026] gpiomem-bcm2835 3f200000.gpiomem: Initialised: Registers at 0x3f200000
Oct  6 04:34:56 raspberrypi kernel: [    6.649795] smsc95xx 1-1.1:1.0 eth0: hardware isn't capable of remote wakeup
Oct  6 04:34:56 raspberrypi kernel: [    6.650445] IPv6: ADDRCONF(NETDEV_UP): eth0: link is not ready
Oct  6 04:34:56 raspberrypi kernel: [    6.907599] Adding 102396k swap on /var/swap.  Priority:-1 extents:1 across:102396k SSFS
Oct  6 04:34:58 raspberrypi kernel: [    8.301126] smsc95xx 1-1.1:1.0 eth0: link up, 100Mbps, full-duplex, lpa 0xC1E1
Oct  6 04:34:58 raspberrypi kernel: [    8.301336] IPv6: ADDRCONF(NETDEV_CHANGE): eth0: link becomes ready
Oct  6 04:35:19 raspberrypi kernel: [   29.107080] random: crng init done
Oct  6 12:17:03 raspberrypi kernel: [    0.000000] Booting Linux on physical CPU 0xf00
Oct  6 12:17:03 raspberrypi kernel: [    0.000000] Linux version 4.9.41-v7+ (dc4@dc4-XPS13-9333) (gcc version 4.9.3 (crosstool-NG crosstool-ng-1.22.0-88-g8460611) ) #1023 SMP Tue Aug 8 16:00:15 BST 2017
Oct  6 12:17:03 raspberrypi kernel: [    0.000000] CPU: ARMv7 Processor [410fc075] revision 5 (ARMv7), cr=10c5387d
Oct  6 12:17:03 raspberrypi kernel: [    0.000000] CPU: div instructions available: patching division code
Oct  6 12:17:03 raspberrypi kernel: [    0.000000] CPU: PIPT / VIPT nonaliasing data cache, VIPT aliasing instruction cache
Oct  6 12:17:03 raspberrypi kernel: [    0.000000] OF: fdt:Machine model: Raspberry Pi 2 Model B Rev 1.1
Oct  6 12:17:03 raspberrypi kernel: [    0.000000] cma: Reserved 8 MiB at 0x3ac00000
Oct  6 12:17:03 raspberrypi kernel: [    0.000000] Memory policy: Data cache writealloc
Oct  6 12:17:03 raspberrypi kernel: [    0.000000] percpu: Embedded 14 pages/cpu @ba35c000 s25600 r8192 d23552 u57344
Oct  6 12:17:03 raspberrypi kernel: [    0.000000] Built 1 zonelists in Zone order, mobility grouping on.  Total pages: 240555
Oct  6 12:17:03 raspberrypi kernel: [    0.000000] Kernel command line: bcm2708_fb.fbwidth=656 bcm2708_fb.fbheight=416 bcm2708_fb.fbswap=1 vc_mem.mem_base=0x3ec00000 vc_mem.mem_size=0x40000000  dwc_otg.lpm_enable=0 console=ttyAMA0,115200 console=tty1 root=PARTUUID=9a89584d-02 rootfstype=ext4 elevator=deadline fsck.repair=yes rootwait
Oct  6 12:17:03 raspberrypi kernel: [    0.000000] PID hash table entries: 4096 (order: 2, 16384 bytes)
Oct  6 12:17:03 raspberrypi kernel: [    0.000000] Dentry cache hash table entries: 131072 (order: 7, 524288 bytes)
Oct  6 12:17:03 raspberrypi kernel: [    0.000000] Inode-cache hash table entries: 65536 (order: 6, 262144 bytes)
Oct  6 12:17:03 raspberrypi kernel: [    0.000000] Memory: 940360K/970752K available (7168K kernel code, 484K rwdata, 2012K rodata, 1024K init, 778K bss, 22200K reserved, 8192K cma-reserved)
Oct  6 12:17:03 raspberrypi kernel: [    0.000000] Virtual kernel memory layout:
Oct  6 12:17:03 raspberrypi kernel: [    0.000000]     vector  : 0xffff0000 - 0xffff1000   (   4 kB)
Oct  6 12:17:03 raspberrypi kernel: [    0.000000]     fixmap  : 0xffc00000 - 0xfff00000   (3072 kB)
Oct  6 12:17:03 raspberrypi kernel: [    0.000000]     vmalloc : 0xbb800000 - 0xff800000   (1088 MB)
Oct  6 12:17:03 raspberrypi kernel: [    0.000000]     lowmem  : 0x80000000 - 0xbb400000   ( 948 MB)
Oct  6 12:17:03 raspberrypi kernel: [    0.000000]     modules : 0x7f000000 - 0x80000000   (  16 MB)
Oct  6 12:17:03 raspberrypi kernel: [    0.000000]       .text : 0x80008000 - 0x80800000   (8160 kB)
Oct  6 12:17:03 raspberrypi kernel: [    0.000000]       .init : 0x80b00000 - 0x80c00000   (1024 kB)
Oct  6 12:17:03 raspberrypi kernel: [    0.000000]       .data : 0x80c00000 - 0x80c79094   ( 485 kB)
Oct  6 12:17:03 raspberrypi kernel: [    0.000000]        .bss : 0x80c7b000 - 0x80d3da64   ( 779 kB)
Oct  6 12:17:03 raspberrypi kernel: [    0.000000] SLUB: HWalign=64, Order=0-3, MinObjects=0, CPUs=4, Nodes=1
Oct  6 12:17:03 raspberrypi kernel: [    0.000000] Hierarchical RCU implementation.
Oct  6 12:17:03 raspberrypi kernel: [    0.000000] 	Build-time adjustment of leaf fanout to 32.
Oct  6 12:17:03 raspberrypi kernel: [    0.000000] NR_IRQS:16 nr_irqs:16 16
Oct  6 12:17:03 raspberrypi kernel: [    0.000000] arm_arch_timer: Architected cp15 timer(s) running at 19.20MHz (phys).
Oct  6 12:17:03 raspberrypi kernel: [    0.000000] clocksource: arch_sys_counter: mask: 0xffffffffffffff max_cycles: 0x46d987e47, max_idle_ns: 440795202767 ns
Oct  6 12:17:03 raspberrypi kernel: [    0.000010] sched_clock: 56 bits at 19MHz, resolution 52ns, wraps every 4398046511078ns
Oct  6 12:17:03 raspberrypi kernel: [    0.000031] Switching to timer-based delay loop, resolution 52ns
Oct  6 12:17:03 raspberrypi kernel: [    0.000340] Console: colour dummy device 80x30
Oct  6 12:17:03 raspberrypi kernel: [    0.001306] console [tty1] enabled
Oct  6 12:17:03 raspberrypi kernel: [    0.001358] Calibrating delay loop (skipped), value calculated using timer frequency.. 38.40 BogoMIPS (lpj=192000)
Oct  6 12:17:03 raspberrypi kernel: [    0.001437] pid_max: default: 32768 minimum: 301
Oct  6 12:17:03 raspberrypi kernel: [    0.001838] Mount-cache hash table entries: 2048 (order: 1, 8192 bytes)
Oct  6 12:17:03 raspberrypi kernel: [    0.001889] Mountpoint-cache hash table entries: 2048 (order: 1, 8192 bytes)
Oct  6 12:17:03 raspberrypi kernel: [    0.003049] Disabling cpuset control group subsystem
Oct  6 12:17:03 raspberrypi kernel: [    0.003277] CPU: Testing write buffer coherency: ok
Oct  6 12:17:03 raspberrypi kernel: [    0.003366] ftrace: allocating 22396 entries in 66 pages
Oct  6 12:17:03 raspberrypi kernel: [    0.054794] CPU0: update cpu_capacity 1024
Oct  6 12:17:03 raspberrypi kernel: [    0.054860] CPU0: thread -1, cpu 0, socket 15, mpidr 80000f00
Oct  6 12:17:03 raspberrypi kernel: [    0.054935] Setting up static identity map for 0x100000 - 0x100034
Oct  6 12:17:03 raspberrypi kernel: [    0.057740] CPU1: update cpu_capacity 1024
Oct  6 12:17:03 raspberrypi kernel: [    0.057752] CPU1: thread -1, cpu 1, socket 15, mpidr 80000f01
Oct  6 12:17:03 raspberrypi kernel: [    0.058777] CPU2: update cpu_capacity 1024
Oct  6 12:17:03 raspberrypi kernel: [    0.058786] CPU2: thread -1, cpu 2, socket 15, mpidr 80000f02
Oct  6 12:17:03 raspberrypi kernel: [    0.059762] CPU3: update cpu_capacity 1024
Oct  6 12:17:03 raspberrypi kernel: [    0.059771] CPU3: thread -1, cpu 3, socket 15, mpidr 80000f03
Oct  6 12:17:03 raspberrypi kernel: [    0.059895] Brought up 4 CPUs
Oct  6 12:17:03 raspberrypi kernel: [    0.060095] SMP: Total of 4 processors activated (153.60 BogoMIPS).
Oct  6 12:17:03 raspberrypi kernel: [    0.060128] CPU: All CPU(s) started in HYP mode.
Oct  6 12:17:03 raspberrypi kernel: [    0.060157] CPU: Virtualization extensions available.
Oct  6 12:17:03 raspberrypi kernel: [    0.061319] devtmpfs: initialized
Oct  6 12:17:03 raspberrypi kernel: [    0.074761] VFP support v0.3: implementor 41 architecture 2 part 30 variant 7 rev 5
Oct  6 12:17:03 raspberrypi kernel: [    0.075215] clocksource: jiffies: mask: 0xffffffff max_cycles: 0xffffffff, max_idle_ns: 19112604462750000 ns
Oct  6 12:17:03 raspberrypi kernel: [    0.075294] futex hash table entries: 1024 (order: 4, 65536 bytes)
Oct  6 12:17:03 raspberrypi kernel: [    0.076102] pinctrl core: initialized pinctrl subsystem
Oct  6 12:17:03 raspberrypi kernel: [    0.077436] NET: Registered protocol family 16
Oct  6 12:17:03 raspberrypi kernel: [    0.080045] DMA: preallocated 1024 KiB pool for atomic coherent allocations
Oct  6 12:17:03 raspberrypi kernel: [    0.090521] hw-breakpoint: found 5 (+1 reserved) breakpoint and 4 watchpoint registers.
Oct  6 12:17:03 raspberrypi kernel: [    0.090583] hw-breakpoint: maximum watchpoint size is 8 bytes.
Oct  6 12:17:03 raspberrypi kernel: [    0.090821] Serial: AMBA PL011 UART driver
Oct  6 12:17:03 raspberrypi kernel: [    0.093259] bcm2835-mbox 3f00b880.mailbox: mailbox enabled
Oct  6 12:17:03 raspberrypi kernel: [    0.176227] bcm2835-dma 3f007000.dma: DMA legacy API manager at bb80f000, dmachans=0x1
Oct  6 12:17:03 raspberrypi kernel: [    0.178696] SCSI subsystem initialized
Oct  6 12:17:03 raspberrypi kernel: [    0.178937] usbcore: registered new interface driver usbfs
Oct  6 12:17:03 raspberrypi kernel: [    0.179064] usbcore: registered new interface driver hub
Oct  6 12:17:03 raspberrypi kernel: [    0.179245] usbcore: registered new device driver usb
Oct  6 12:17:03 raspberrypi kernel: [    0.184662] raspberrypi-firmware soc:firmware: Attached to firmware from 2017-08-08 12:01
Oct  6 12:17:03 raspberrypi kernel: [    0.186420] clocksource: Switched to clocksource arch_sys_counter
Oct  6 12:17:03 raspberrypi kernel: [    0.241587] VFS: Disk quotas dquot_6.6.0
Oct  6 12:17:03 raspberrypi kernel: [    0.241739] VFS: Dquot-cache hash table entries: 1024 (order 0, 4096 bytes)
Oct  6 12:17:03 raspberrypi kernel: [    0.242053] FS-Cache: Loaded
Oct  6 12:17:03 raspberrypi kernel: [    0.242440] CacheFiles: Loaded
Oct  6 12:17:03 raspberrypi kernel: [    0.258923] NET: Registered protocol family 2
Oct  6 12:17:03 raspberrypi kernel: [    0.260205] TCP established hash table entries: 8192 (order: 3, 32768 bytes)
Oct  6 12:17:03 raspberrypi kernel: [    0.260375] TCP bind hash table entries: 8192 (order: 4, 65536 bytes)
Oct  6 12:17:03 raspberrypi kernel: [    0.260594] TCP: Hash tables configured (established 8192 bind 8192)
Oct  6 12:17:03 raspberrypi kernel: [    0.260740] UDP hash table entries: 512 (order: 2, 16384 bytes)
Oct  6 12:17:03 raspberrypi kernel: [    0.260828] UDP-Lite hash table entries: 512 (order: 2, 16384 bytes)
Oct  6 12:17:03 raspberrypi kernel: [    0.261179] NET: Registered protocol family 1
Oct  6 12:17:03 raspberrypi kernel: [    0.261832] RPC: Registered named UNIX socket transport module.
Oct  6 12:17:03 raspberrypi kernel: [    0.261876] RPC: Registered udp transport module.
Oct  6 12:17:03 raspberrypi kernel: [    0.261908] RPC: Registered tcp transport module.
Oct  6 12:17:03 raspberrypi kernel: [    0.261939] RPC: Registered tcp NFSv4.1 backchannel transport module.
Oct  6 12:17:03 raspberrypi kernel: [    0.263015] hw perfevents: enabled with armv7_cortex_a7 PMU driver, 5 counters available
Oct  6 12:17:03 raspberrypi kernel: [    0.266094] workingset: timestamp_bits=14 max_order=18 bucket_order=4
Oct  6 12:17:03 raspberrypi kernel: [    0.285092] FS-Cache: Netfs 'nfs' registered for caching
Oct  6 12:17:03 raspberrypi kernel: [    0.286556] NFS: Registering the id_resolver key type
Oct  6 12:17:03 raspberrypi kernel: [    0.286633] Key type id_resolver registered
Oct  6 12:17:03 raspberrypi kernel: [    0.286666] Key type id_legacy registered
Oct  6 12:17:03 raspberrypi kernel: [    0.289933] Block layer SCSI generic (bsg) driver version 0.4 loaded (major 251)
Oct  6 12:17:03 raspberrypi kernel: [    0.290157] io scheduler noop registered
Oct  6 12:17:03 raspberrypi kernel: [    0.290195] io scheduler deadline registered (default)
Oct  6 12:17:03 raspberrypi kernel: [    0.290581] io scheduler cfq registered
Oct  6 12:17:03 raspberrypi kernel: [    0.296321] BCM2708FB: allocated DMA memory fad00000
Oct  6 12:17:03 raspberrypi kernel: [    0.296478] BCM2708FB: allocated DMA channel 0 @ bb80f000
Oct  6 12:17:03 raspberrypi kernel: [    0.306069] Console: switching to colour frame buffer device 82x26
Oct  6 12:17:03 raspberrypi kernel: [    0.316170] bcm2835-rng 3f104000.rng: hwrng registered
Oct  6 12:17:03 raspberrypi kernel: [    0.318962] vc-cma: Videocore CMA driver
Oct  6 12:17:03 raspberrypi kernel: [    0.321482] vc-cma: vc_cma_base      = 0x00000000
Oct  6 12:17:03 raspberrypi kernel: [    0.323999] vc-cma: vc_cma_size      = 0x00000000 (0 MiB)
Oct  6 12:17:03 raspberrypi kernel: [    0.326592] vc-cma: vc_cma_initial   = 0x00000000 (0 MiB)
Oct  6 12:17:03 raspberrypi kernel: [    0.329404] vc-mem: phys_addr:0x00000000 mem_base=0x3ec00000 mem_size:0x40000000(1024 MiB)
Oct  6 12:17:03 raspberrypi kernel: [    0.355169] brd: module loaded
Oct  6 12:17:03 raspberrypi kernel: [    0.369121] loop: module loaded
Oct  6 12:17:03 raspberrypi kernel: [    0.371447] Loading iSCSI transport class v2.0-870.
Oct  6 12:17:03 raspberrypi kernel: [    0.374486] usbcore: registered new interface driver smsc95xx
Oct  6 12:17:03 raspberrypi kernel: [    0.376927] dwc_otg: version 3.00a 10-AUG-2012 (platform bus)
Oct  6 12:17:03 raspberrypi kernel: [    0.607587] Core Release: 2.80a
Oct  6 12:17:03 raspberrypi kernel: [    0.609933] Setting default values for core params
Oct  6 12:17:03 raspberrypi kernel: [    0.612253] Finished setting default values for core params
Oct  6 12:17:03 raspberrypi kernel: [    0.815045] Using Buffer DMA mode
Oct  6 12:17:03 raspberrypi kernel: [    0.817396] Periodic Transfer Interrupt Enhancement - disabled
Oct  6 12:17:03 raspberrypi kernel: [    0.819834] Multiprocessor Interrupt Enhancement - disabled
Oct  6 12:17:03 raspberrypi kernel: [    0.822288] OTG VER PARAM: 0, OTG VER FLAG: 0
Oct  6 12:17:03 raspberrypi kernel: [    0.824777] Dedicated Tx FIFOs mode
Oct  6 12:17:03 raspberrypi kernel: [    0.827696] WARN::dwc_otg_hcd_init:1032: FIQ DMA bounce buffers: virt = 0xbad14000 dma = 0xfad14000 len=9024
Oct  6 12:17:03 raspberrypi kernel: [    0.832733] FIQ FSM acceleration enabled for :
Oct  6 12:17:03 raspberrypi kernel: [    0.832733] Non-periodic Split Transactions
Oct  6 12:17:03 raspberrypi kernel: [    0.832733] Periodic Split Transactions
Oct  6 12:17:03 raspberrypi kernel: [    0.832733] High-Speed Isochronous Endpoints
Oct  6 12:17:03 raspberrypi kernel: [    0.832733] Interrupt/Control Split Transaction hack enabled
Oct  6 12:17:03 raspberrypi kernel: [    0.845658] WARN::hcd_init_fiq:459: FIQ on core 1 at 0x8058f7fc
Oct  6 12:17:03 raspberrypi kernel: [    0.848267] WARN::hcd_init_fiq:460: FIQ ASM at 0x8058fb6c length 36
Oct  6 12:17:03 raspberrypi kernel: [    0.850901] WARN::hcd_init_fiq:486: MPHI regs_base at 0xbb87a000
Oct  6 12:17:03 raspberrypi kernel: [    0.853612] dwc_otg 3f980000.usb: DWC OTG Controller
Oct  6 12:17:03 raspberrypi kernel: [    0.856250] dwc_otg 3f980000.usb: new USB bus registered, assigned bus number 1
Oct  6 12:17:03 raspberrypi kernel: [    0.858969] dwc_otg 3f980000.usb: irq 62, io mem 0x00000000
Oct  6 12:17:03 raspberrypi kernel: [    0.861600] Init: Port Power? op_state=1
Oct  6 12:17:03 raspberrypi kernel: [    0.864160] Init: Power Port (0)
Oct  6 12:17:03 raspberrypi kernel: [    0.866963] usb usb1: New USB device found, idVendor=1d6b, idProduct=0002
Oct  6 12:17:03 raspberrypi mtp-probe: checking bus 1, device 3: "/sys/devices/platform/soc/3f980000.usb/usb1/1-1/1-1.1"
Oct  6 12:17:03 raspberrypi mtp-probe: bus: 1, device: 3 was not an MTP device
Oct  6 12:17:03 raspberrypi liblogging-stdlog:  [origin software="rsyslogd" swVersion="8.24.0" x-pid="316" x-info="http://www.rsyslog.com"] start
Oct  6 12:17:03 raspberrypi kernel: [    0.869587] usb usb1: New USB device strings: Mfr=3, Product=2, SerialNumber=1
Oct  6 12:17:03 raspberrypi kernel: [    0.872192] usb usb1: Product: DWC OTG Controller
Oct  6 12:17:03 raspberrypi kernel: [    0.874738] usb usb1: Manufacturer: Linux 4.9.41-v7+ dwc_otg_hcd
Oct  6 12:17:03 raspberrypi kernel: [    0.877343] usb usb1: SerialNumber: 3f980000.usb
Oct  6 12:17:03 raspberrypi kernel: [    0.880914] hub 1-0:1.0: USB hub found
Oct  6 12:17:03 raspberrypi kernel: [    0.883451] hub 1-0:1.0: 1 port detected
Oct  6 12:17:03 raspberrypi kernel: [    0.887095] usbcore: registered new interface driver usb-storage
Oct  6 12:17:03 raspberrypi kernel: [    0.889880] mousedev: PS/2 mouse device common for all mice
Oct  6 12:17:03 raspberrypi kernel: [    0.893619] bcm2835-wdt 3f100000.watchdog: Broadcom BCM2835 watchdog timer
Oct  6 12:17:03 raspberrypi kernel: [    0.896630] bcm2835-cpufreq: min=600000 max=900000
Oct  6 12:17:03 raspberrypi kernel: [    0.899707] sdhci: Secure Digital Host Controller Interface driver
Oct  6 12:17:03 raspberrypi kernel: [    0.902333] sdhci: Copyright(c) Pierre Ossman
Oct  6 12:17:03 raspberrypi kernel: [    0.905248] sdhost-bcm2835 3f202000.sdhost: could not get clk, deferring probe
Oct  6 12:17:03 raspberrypi kernel: [    0.908266] sdhci-pltfm: SDHCI platform and OF driver helper
Oct  6 12:17:03 raspberrypi kernel: [    0.911792] ledtrig-cpu: registered to indicate activity on CPUs
Oct  6 12:17:03 raspberrypi kernel: [    0.914724] hidraw: raw HID events driver (C) Jiri Kosina
Oct  6 12:17:03 raspberrypi kernel: [    0.917784] usbcore: registered new interface driver usbhid
Oct  6 12:17:03 raspberrypi kernel: [    0.920542] usbhid: USB HID core driver
Oct  6 12:17:03 raspberrypi kernel: [    0.924228] vchiq: vchiq_init_state: slot_zero = 0xbad80000, is_master = 0
Oct  6 12:17:03 raspberrypi kernel: [    0.929247] Initializing XFRM netlink socket
Oct  6 12:17:03 raspberrypi kernel: [    0.932114] NET: Registered protocol family 17
Oct  6 12:17:03 raspberrypi kernel: [    0.935066] Key type dns_resolver registered
Oct  6 12:17:03 raspberrypi kernel: [    0.938233] Registering SWP/SWPB emulation handler
Oct  6 12:17:03 raspberrypi kernel: [    0.941929] registered taskstats version 1
Oct  6 12:17:03 raspberrypi kernel: [    0.945109] vc-sm: Videocore shared memory driver
Oct  6 12:17:03 raspberrypi kernel: [    0.947900] [vc_sm_connected_init]: start
Oct  6 12:17:03 raspberrypi kernel: [    0.951365] [vc_sm_connected_init]: end - returning 0
Oct  6 12:17:03 raspberrypi kernel: [    0.960455] 3f201000.serial: ttyAMA0 at MMIO 0x3f201000 (irq = 87, base_baud = 0) is a PL011 rev2
Oct  6 12:17:03 raspberrypi kernel: [    1.901297] console [ttyAMA0] enabled
Oct  6 12:17:03 raspberrypi kernel: [    1.909655] sdhost: log_buf @ bad13000 (fad13000)
Oct  6 12:17:03 raspberrypi kernel: [    1.996458] mmc0: sdhost-bcm2835 loaded - DMA enabled (>1)
Oct  6 12:17:03 raspberrypi kernel: [    2.004813] of_cfs_init
Oct  6 12:17:03 raspberrypi kernel: [    2.010023] of_cfs_init: OK
Oct  6 12:17:03 raspberrypi kernel: [    2.015962] Waiting for root device PARTUUID=9a89584d-02...
Oct  6 12:17:03 raspberrypi kernel: [    2.056563] Indeed it is in host mode hprt0 = 00021501
Oct  6 12:17:03 raspberrypi kernel: [    2.153491] random: fast init done
Oct  6 12:17:03 raspberrypi kernel: [    2.185286] mmc0: host does not support reading read-only switch, assuming write-enable
Oct  6 12:17:03 raspberrypi kernel: [    2.201863] mmc0: new high speed SDHC card at address aaaa
Oct  6 12:17:03 raspberrypi kernel: [    2.210961] mmcblk0: mmc0:aaaa SL08G 7.40 GiB
Oct  6 12:17:03 raspberrypi kernel: [    2.220174]  mmcblk0: p1 p2
Oct  6 12:17:03 raspberrypi kernel: [    2.248548] EXT4-fs (mmcblk0p2): INFO: recovery required on readonly filesystem
Oct  6 12:17:03 raspberrypi kernel: [    2.258624] EXT4-fs (mmcblk0p2): write access will be enabled during recovery
Oct  6 12:17:03 raspberrypi kernel: [    2.266465] usb 1-1: new high-speed USB device number 2 using dwc_otg
Oct  6 12:17:03 raspberrypi kernel: [    2.266668] Indeed it is in host mode hprt0 = 00001101
Oct  6 12:17:03 raspberrypi kernel: [    2.387802] EXT4-fs (mmcblk0p2): orphan cleanup on readonly fs
Oct  6 12:17:03 raspberrypi kernel: [    2.421138] EXT4-fs (mmcblk0p2): 3 orphan inodes deleted
Oct  6 12:17:03 raspberrypi kernel: [    2.429318] EXT4-fs (mmcblk0p2): recovery complete
Oct  6 12:17:03 raspberrypi kernel: [    2.477733] EXT4-fs (mmcblk0p2): mounted filesystem with ordered data mode. Opts: (null)
Oct  6 12:17:03 raspberrypi kernel: [    2.491317] VFS: Mounted root (ext4 filesystem) readonly on device 179:2.
Oct  6 12:17:03 raspberrypi kernel: [    2.496878] usb 1-1: New USB device found, idVendor=0424, idProduct=9514
Oct  6 12:17:03 raspberrypi kernel: [    2.496891] usb 1-1: New USB device strings: Mfr=0, Product=0, SerialNumber=0
Oct  6 12:17:03 raspberrypi kernel: [    2.497972] hub 1-1:1.0: USB hub found
Oct  6 12:17:03 raspberrypi kernel: [    2.498100] hub 1-1:1.0: 5 ports detected
Oct  6 12:17:03 raspberrypi kernel: [    2.543063] devtmpfs: mounted
Oct  6 12:17:03 raspberrypi kernel: [    2.550747] Freeing unused kernel memory: 1024K (80b00000 - 80c00000)
Oct  6 12:17:03 raspberrypi kernel: [    2.816509] usb 1-1.1: new high-speed USB device number 3 using dwc_otg
Oct  6 12:17:03 raspberrypi kernel: [    2.946896] usb 1-1.1: New USB device found, idVendor=0424, idProduct=ec00
Oct  6 12:17:03 raspberrypi kernel: [    2.956753] usb 1-1.1: New USB device strings: Mfr=0, Product=0, SerialNumber=0
Oct  6 12:17:03 raspberrypi kernel: [    2.970155] smsc95xx v1.0.5
Oct  6 12:17:03 raspberrypi kernel: [    3.071580] smsc95xx 1-1.1:1.0 eth0: register 'smsc95xx' at usb-3f980000.usb-1.1, smsc95xx USB 2.0 Ethernet, b8:27:eb:21:12:13
Oct  6 12:17:03 raspberrypi kernel: [    3.114144] NET: Registered protocol family 10
Oct  6 12:17:03 raspberrypi kernel: [    3.140912] ip_tables: (C) 2000-2006 Netfilter Core Team
Oct  6 12:17:03 raspberrypi kernel: [    3.300938] uart-pl011 3f201000.serial: no DMA platform data
Oct  6 12:17:03 raspberrypi kernel: [    4.542491] EXT4-fs (mmcblk0p2): re-mounted. Opts: (null)
Oct  6 12:17:03 raspberrypi kernel: [    5.159566] gpiomem-bcm2835 3f200000.gpiomem: Initialised: Registers at 0x3f200000
Oct  6 12:17:03 raspberrypi kernel: [    6.988596] smsc95xx 1-1.1:1.0 eth0: hardware isn't capable of remote wakeup
Oct  6 12:17:03 raspberrypi kernel: [    6.988835] IPv6: ADDRCONF(NETDEV_UP): eth0: link is not ready
Oct  6 12:17:03 raspberrypi kernel: [    7.018619] Adding 102396k swap on /var/swap.  Priority:-1 extents:1 across:102396k SSFS
Oct  6 12:17:05 raspberrypi kernel: [    8.656300] IPv6: ADDRCONF(NETDEV_CHANGE): eth0: link becomes ready
Oct  6 12:17:05 raspberrypi kernel: [    8.657010] smsc95xx 1-1.1:1.0 eth0: link up, 100Mbps, full-duplex, lpa 0xC1E1
Oct  6 12:17:28 raspberrypi kernel: [   31.799178] random: crng init done
Oct  6 14:31:32 raspberrypi kernel: [    0.000000] Booting Linux on physical CPU 0xf00
Oct  6 14:31:32 raspberrypi kernel: [    0.000000] Linux version 4.9.41-v7+ (dc4@dc4-XPS13-9333) (gcc version 4.9.3 (crosstool-NG crosstool-ng-1.22.0-88-g8460611) ) #1023 SMP Tue Aug 8 16:00:15 BST 2017
Oct  6 14:31:32 raspberrypi kernel: [    0.000000] CPU: ARMv7 Processor [410fc075] revision 5 (ARMv7), cr=10c5387d
Oct  6 14:31:32 raspberrypi kernel: [    0.000000] CPU: div instructions available: patching division code
Oct  6 14:31:32 raspberrypi kernel: [    0.000000] CPU: PIPT / VIPT nonaliasing data cache, VIPT aliasing instruction cache
Oct  6 14:31:32 raspberrypi kernel: [    0.000000] OF: fdt:Machine model: Raspberry Pi 2 Model B Rev 1.1
Oct  6 14:31:32 raspberrypi kernel: [    0.000000] cma: Reserved 8 MiB at 0x3ac00000
Oct  6 14:31:32 raspberrypi kernel: [    0.000000] Memory policy: Data cache writealloc
Oct  6 14:31:32 raspberrypi kernel: [    0.000000] percpu: Embedded 14 pages/cpu @ba35c000 s25600 r8192 d23552 u57344
Oct  6 14:31:32 raspberrypi mtp-probe: checking bus 1, device 3: "/sys/devices/platform/soc/3f980000.usb/usb1/1-1/1-1.1"
Oct  6 14:31:32 raspberrypi mtp-probe: bus: 1, device: 3 was not an MTP device
Oct  6 14:31:32 raspberrypi kernel: [    0.000000] Built 1 zonelists in Zone order, mobility grouping on.  Total pages: 240555
Oct  6 14:31:32 raspberrypi kernel: [    0.000000] Kernel command line: bcm2708_fb.fbwidth=656 bcm2708_fb.fbheight=416 bcm2708_fb.fbswap=1 vc_mem.mem_base=0x3ec00000 vc_mem.mem_size=0x40000000  dwc_otg.lpm_enable=0 console=ttyAMA0,115200 console=tty1 root=PARTUUID=9a89584d-02 rootfstype=ext4 elevator=deadline fsck.repair=yes rootwait
Oct  6 14:31:32 raspberrypi kernel: [    0.000000] PID hash table entries: 4096 (order: 2, 16384 bytes)
Oct  6 14:31:32 raspberrypi kernel: [    0.000000] Dentry cache hash table entries: 131072 (order: 7, 524288 bytes)
Oct  6 14:31:32 raspberrypi kernel: [    0.000000] Inode-cache hash table entries: 65536 (order: 6, 262144 bytes)
Oct  6 14:31:32 raspberrypi kernel: [    0.000000] Memory: 940360K/970752K available (7168K kernel code, 484K rwdata, 2012K rodata, 1024K init, 778K bss, 22200K reserved, 8192K cma-reserved)
Oct  6 14:31:32 raspberrypi kernel: [    0.000000] Virtual kernel memory layout:
Oct  6 14:31:32 raspberrypi kernel: [    0.000000]     vector  : 0xffff0000 - 0xffff1000   (   4 kB)
Oct  6 14:31:32 raspberrypi kernel: [    0.000000]     fixmap  : 0xffc00000 - 0xfff00000   (3072 kB)
Oct  6 14:31:32 raspberrypi kernel: [    0.000000]     vmalloc : 0xbb800000 - 0xff800000   (1088 MB)
Oct  6 14:31:32 raspberrypi kernel: [    0.000000]     lowmem  : 0x80000000 - 0xbb400000   ( 948 MB)
Oct  6 14:31:32 raspberrypi kernel: [    0.000000]     modules : 0x7f000000 - 0x80000000   (  16 MB)
Oct  6 14:31:32 raspberrypi kernel: [    0.000000]       .text : 0x80008000 - 0x80800000   (8160 kB)
Oct  6 14:31:32 raspberrypi kernel: [    0.000000]       .init : 0x80b00000 - 0x80c00000   (1024 kB)
Oct  6 14:31:32 raspberrypi kernel: [    0.000000]       .data : 0x80c00000 - 0x80c79094   ( 485 kB)
Oct  6 14:31:32 raspberrypi kernel: [    0.000000]        .bss : 0x80c7b000 - 0x80d3da64   ( 779 kB)
Oct  6 14:31:32 raspberrypi kernel: [    0.000000] SLUB: HWalign=64, Order=0-3, MinObjects=0, CPUs=4, Nodes=1
Oct  6 14:31:32 raspberrypi kernel: [    0.000000] Hierarchical RCU implementation.
Oct  6 14:31:32 raspberrypi kernel: [    0.000000] 	Build-time adjustment of leaf fanout to 32.
Oct  6 14:31:32 raspberrypi kernel: [    0.000000] NR_IRQS:16 nr_irqs:16 16
Oct  6 14:31:32 raspberrypi kernel: [    0.000000] arm_arch_timer: Architected cp15 timer(s) running at 19.20MHz (phys).
Oct  6 14:31:32 raspberrypi kernel: [    0.000000] clocksource: arch_sys_counter: mask: 0xffffffffffffff max_cycles: 0x46d987e47, max_idle_ns: 440795202767 ns
Oct  6 14:31:32 raspberrypi kernel: [    0.000010] sched_clock: 56 bits at 19MHz, resolution 52ns, wraps every 4398046511078ns
Oct  6 14:31:32 raspberrypi kernel: [    0.000030] Switching to timer-based delay loop, resolution 52ns
Oct  6 14:31:32 raspberrypi kernel: [    0.000342] Console: colour dummy device 80x30
Oct  6 14:31:32 raspberrypi kernel: [    0.001307] console [tty1] enabled
Oct  6 14:31:32 raspberrypi kernel: [    0.001359] Calibrating delay loop (skipped), value calculated using timer frequency.. 38.40 BogoMIPS (lpj=192000)
Oct  6 14:31:32 raspberrypi kernel: [    0.001436] pid_max: default: 32768 minimum: 301
Oct  6 14:31:32 raspberrypi kernel: [    0.001842] Mount-cache hash table entries: 2048 (order: 1, 8192 bytes)
Oct  6 14:31:32 raspberrypi kernel: [    0.001893] Mountpoint-cache hash table entries: 2048 (order: 1, 8192 bytes)
Oct  6 14:31:32 raspberrypi kernel: [    0.003055] Disabling cpuset control group subsystem
Oct  6 14:31:32 raspberrypi kernel: [    0.003282] CPU: Testing write buffer coherency: ok
Oct  6 14:31:32 raspberrypi kernel: [    0.003369] ftrace: allocating 22396 entries in 66 pages
Oct  6 14:31:32 raspberrypi kernel: [    0.054793] CPU0: update cpu_capacity 1024
Oct  6 14:31:32 raspberrypi kernel: [    0.054860] CPU0: thread -1, cpu 0, socket 15, mpidr 80000f00
Oct  6 14:31:32 raspberrypi kernel: [    0.054937] Setting up static identity map for 0x100000 - 0x100034
Oct  6 14:31:32 raspberrypi kernel: [    0.057744] CPU1: update cpu_capacity 1024
Oct  6 14:31:32 raspberrypi kernel: [    0.057756] CPU1: thread -1, cpu 1, socket 15, mpidr 80000f01
Oct  6 14:31:32 raspberrypi kernel: [    0.058778] CPU2: update cpu_capacity 1024
Oct  6 14:31:32 raspberrypi kernel: [    0.058788] CPU2: thread -1, cpu 2, socket 15, mpidr 80000f02
Oct  6 14:31:32 raspberrypi kernel: [    0.059765] CPU3: update cpu_capacity 1024
Oct  6 14:31:32 raspberrypi kernel: [    0.059774] CPU3: thread -1, cpu 3, socket 15, mpidr 80000f03
Oct  6 14:31:32 raspberrypi kernel: [    0.059899] Brought up 4 CPUs
Oct  6 14:31:32 raspberrypi kernel: [    0.060099] SMP: Total of 4 processors activated (153.60 BogoMIPS).
Oct  6 14:31:32 raspberrypi kernel: [    0.060133] CPU: All CPU(s) started in HYP mode.
Oct  6 14:31:32 raspberrypi kernel: [    0.060162] CPU: Virtualization extensions available.
Oct  6 14:31:32 raspberrypi kernel: [    0.061319] devtmpfs: initialized
Oct  6 14:31:32 raspberrypi kernel: [    0.074744] VFP support v0.3: implementor 41 architecture 2 part 30 variant 7 rev 5
Oct  6 14:31:32 raspberrypi kernel: [    0.075194] clocksource: jiffies: mask: 0xffffffff max_cycles: 0xffffffff, max_idle_ns: 19112604462750000 ns
Oct  6 14:31:32 raspberrypi kernel: [    0.075274] futex hash table entries: 1024 (order: 4, 65536 bytes)
Oct  6 14:31:32 raspberrypi kernel: [    0.076091] pinctrl core: initialized pinctrl subsystem
Oct  6 14:31:32 raspberrypi kernel: [    0.077421] NET: Registered protocol family 16
Oct  6 14:31:32 raspberrypi kernel: [    0.080032] DMA: preallocated 1024 KiB pool for atomic coherent allocations
Oct  6 14:31:32 raspberrypi kernel: [    0.090497] hw-breakpoint: found 5 (+1 reserved) breakpoint and 4 watchpoint registers.
Oct  6 14:31:32 raspberrypi kernel: [    0.090559] hw-breakpoint: maximum watchpoint size is 8 bytes.
Oct  6 14:31:32 raspberrypi kernel: [    0.090793] Serial: AMBA PL011 UART driver
Oct  6 14:31:32 raspberrypi kernel: [    0.093239] bcm2835-mbox 3f00b880.mailbox: mailbox enabled
Oct  6 14:31:32 raspberrypi kernel: [    0.176281] bcm2835-dma 3f007000.dma: DMA legacy API manager at bb80f000, dmachans=0x1
Oct  6 14:31:32 raspberrypi kernel: [    0.178754] SCSI subsystem initialized
Oct  6 14:31:32 raspberrypi kernel: [    0.178997] usbcore: registered new interface driver usbfs
Oct  6 14:31:32 raspberrypi kernel: [    0.179128] usbcore: registered new interface driver hub
Oct  6 14:31:32 raspberrypi kernel: [    0.179303] usbcore: registered new device driver usb
Oct  6 14:31:32 raspberrypi kernel: [    0.184660] raspberrypi-firmware soc:firmware: Attached to firmware from 2017-08-08 12:01
Oct  6 14:31:32 raspberrypi kernel: [    0.186411] clocksource: Switched to clocksource arch_sys_counter
Oct  6 14:31:32 raspberrypi kernel: [    0.241584] VFS: Disk quotas dquot_6.6.0
Oct  6 14:31:32 raspberrypi kernel: [    0.241738] VFS: Dquot-cache hash table entries: 1024 (order 0, 4096 bytes)
Oct  6 14:31:32 raspberrypi kernel: [    0.242052] FS-Cache: Loaded
Oct  6 14:31:32 raspberrypi kernel: [    0.242448] CacheFiles: Loaded
Oct  6 14:31:32 raspberrypi kernel: [    0.259039] NET: Registered protocol family 2
Oct  6 14:31:32 raspberrypi kernel: [    0.260317] TCP established hash table entries: 8192 (order: 3, 32768 bytes)
Oct  6 14:31:32 raspberrypi kernel: [    0.260489] TCP bind hash table entries: 8192 (order: 4, 65536 bytes)
Oct  6 14:31:32 raspberrypi kernel: [    0.260708] TCP: Hash tables configured (established 8192 bind 8192)
Oct  6 14:31:32 raspberrypi kernel: [    0.260852] UDP hash table entries: 512 (order: 2, 16384 bytes)
Oct  6 14:31:32 raspberrypi kernel: [    0.260940] UDP-Lite hash table entries: 512 (order: 2, 16384 bytes)
Oct  6 14:31:32 raspberrypi kernel: [    0.261290] NET: Registered protocol family 1
Oct  6 14:31:32 raspberrypi kernel: [    0.261978] RPC: Registered named UNIX socket transport module.
Oct  6 14:31:32 raspberrypi kernel: [    0.262025] RPC: Registered udp transport module.
Oct  6 14:31:32 raspberrypi kernel: [    0.262057] RPC: Registered tcp transport module.
Oct  6 14:31:32 raspberrypi kernel: [    0.262088] RPC: Registered tcp NFSv4.1 backchannel transport module.
Oct  6 14:31:32 raspberrypi kernel: [    0.263161] hw perfevents: enabled with armv7_cortex_a7 PMU driver, 5 counters available
Oct  6 14:31:32 raspberrypi kernel: [    0.266266] workingset: timestamp_bits=14 max_order=18 bucket_order=4
Oct  6 14:31:32 raspberrypi kernel: [    0.285262] FS-Cache: Netfs 'nfs' registered for caching
Oct  6 14:31:32 raspberrypi kernel: [    0.286705] NFS: Registering the id_resolver key type
Oct  6 14:31:32 raspberrypi kernel: [    0.286776] Key type id_resolver registered
Oct  6 14:31:32 raspberrypi kernel: [    0.286810] Key type id_legacy registered
Oct  6 14:31:32 raspberrypi kernel: [    0.290102] Block layer SCSI generic (bsg) driver version 0.4 loaded (major 251)
Oct  6 14:31:32 raspberrypi kernel: [    0.290326] io scheduler noop registered
Oct  6 14:31:32 raspberrypi kernel: [    0.290364] io scheduler deadline registered (default)
Oct  6 14:31:32 raspberrypi kernel: [    0.290749] io scheduler cfq registered
Oct  6 14:31:32 raspberrypi kernel: [    0.296572] BCM2708FB: allocated DMA memory fad00000
Oct  6 14:31:32 raspberrypi kernel: [    0.296651] BCM2708FB: allocated DMA channel 0 @ bb80f000
Oct  6 14:31:32 raspberrypi kernel: [    0.306268] Console: switching to colour frame buffer device 82x26
Oct  6 14:31:32 raspberrypi kernel: [    0.316277] bcm2835-rng 3f104000.rng: hwrng registered
Oct  6 14:31:32 raspberrypi kernel: [    0.319078] vc-cma: Videocore CMA driver
Oct  6 14:31:32 raspberrypi kernel: [    0.321601] vc-cma: vc_cma_base      = 0x00000000
Oct  6 14:31:32 raspberrypi kernel: [    0.324121] vc-cma: vc_cma_size      = 0x00000000 (0 MiB)
Oct  6 14:31:32 raspberrypi kernel: [    0.326717] vc-cma: vc_cma_initial   = 0x00000000 (0 MiB)
Oct  6 14:31:32 raspberrypi kernel: [    0.329527] vc-mem: phys_addr:0x00000000 mem_base=0x3ec00000 mem_size:0x40000000(1024 MiB)
Oct  6 14:31:32 raspberrypi kernel: [    0.355301] brd: module loaded
Oct  6 14:31:32 raspberrypi kernel: [    0.369238] loop: module loaded
Oct  6 14:31:32 raspberrypi kernel: [    0.371570] Loading iSCSI transport class v2.0-870.
Oct  6 14:31:32 raspberrypi kernel: [    0.374607] usbcore: registered new interface driver smsc95xx
Oct  6 14:31:32 raspberrypi kernel: [    0.377050] dwc_otg: version 3.00a 10-AUG-2012 (platform bus)
Oct  6 14:31:32 raspberrypi kernel: [    0.607711] Core Release: 2.80a
Oct  6 14:31:32 raspberrypi kernel: [    0.610057] Setting default values for core params
Oct  6 14:31:32 raspberrypi kernel: [    0.612383] Finished setting default values for core params
Oct  6 14:31:32 raspberrypi kernel: [    0.815173] Using Buffer DMA mode
Oct  6 14:31:32 raspberrypi kernel: [    0.817527] Periodic Transfer Interrupt Enhancement - disabled
Oct  6 14:31:32 raspberrypi kernel: [    0.819966] Multiprocessor Interrupt Enhancement - disabled
Oct  6 14:31:32 raspberrypi kernel: [    0.822418] OTG VER PARAM: 0, OTG VER FLAG: 0
Oct  6 14:31:32 raspberrypi kernel: [    0.824906] Dedicated Tx FIFOs mode
Oct  6 14:31:32 raspberrypi kernel: [    0.827821] WARN::dwc_otg_hcd_init:1032: FIQ DMA bounce buffers: virt = 0xbad14000 dma = 0xfad14000 len=9024
Oct  6 14:31:32 raspberrypi kernel: [    0.832860] FIQ FSM acceleration enabled for :
Oct  6 14:31:32 raspberrypi kernel: [    0.832860] Non-periodic Split Transactions
Oct  6 14:31:32 raspberrypi kernel: [    0.832860] Periodic Split Transactions
Oct  6 14:31:32 raspberrypi kernel: [    0.832860] High-Speed Isochronous Endpoints
Oct  6 14:31:32 raspberrypi kernel: [    0.832860] Interrupt/Control Split Transaction hack enabled
Oct  6 14:31:32 raspberrypi kernel: [    0.845799] WARN::hcd_init_fiq:459: FIQ on core 1 at 0x8058f7fc
Oct  6 14:31:32 raspberrypi kernel: [    0.848410] WARN::hcd_init_fiq:460: FIQ ASM at 0x8058fb6c length 36
Oct  6 14:31:32 raspberrypi kernel: [    0.851047] WARN::hcd_init_fiq:486: MPHI regs_base at 0xbb87a000
Oct  6 14:31:32 raspberrypi kernel: [    0.853762] dwc_otg 3f980000.usb: DWC OTG Controller
Oct  6 14:31:32 raspberrypi kernel: [    0.856430] dwc_otg 3f980000.usb: new USB bus registered, assigned bus number 1
Oct  6 14:31:32 raspberrypi kernel: [    0.859124] dwc_otg 3f980000.usb: irq 62, io mem 0x00000000
Oct  6 14:31:32 raspberrypi kernel: [    0.861752] Init: Port Power? op_state=1
Oct  6 14:31:32 raspberrypi kernel: [    0.864309] Init: Power Port (0)
Oct  6 14:31:32 raspberrypi kernel: [    0.867111] usb usb1: New USB device found, idVendor=1d6b, idProduct=0002
Oct  6 14:31:32 raspberrypi kernel: [    0.869738] usb usb1: New USB device strings: Mfr=3, Product=2, SerialNumber=1
Oct  6 14:31:32 raspberrypi kernel: [    0.872346] usb usb1: Product: DWC OTG Controller
Oct  6 14:31:32 raspberrypi kernel: [    0.874896] usb usb1: Manufacturer: Linux 4.9.41-v7+ dwc_otg_hcd
Oct  6 14:31:32 raspberrypi kernel: [    0.877502] usb usb1: SerialNumber: 3f980000.usb
Oct  6 14:31:32 raspberrypi kernel: [    0.881075] hub 1-0:1.0: USB hub found
Oct  6 14:31:32 raspberrypi kernel: [    0.883612] hub 1-0:1.0: 1 port detected
Oct  6 14:31:32 raspberrypi kernel: [    0.887253] usbcore: registered new interface driver usb-storage
Oct  6 14:31:32 raspberrypi kernel: [    0.890045] mousedev: PS/2 mouse device common for all mice
Oct  6 14:31:32 raspberrypi kernel: [    0.893779] bcm2835-wdt 3f100000.watchdog: Broadcom BCM2835 watchdog timer
Oct  6 14:31:32 raspberrypi kernel: [    0.896786] bcm2835-cpufreq: min=600000 max=900000
Oct  6 14:31:32 raspberrypi kernel: [    0.899864] sdhci: Secure Digital Host Controller Interface driver
Oct  6 14:31:32 raspberrypi kernel: [    0.902492] sdhci: Copyright(c) Pierre Ossman
Oct  6 14:31:32 raspberrypi kernel: [    0.905413] sdhost-bcm2835 3f202000.sdhost: could not get clk, deferring probe
Oct  6 14:31:32 raspberrypi kernel: [    0.908440] sdhci-pltfm: SDHCI platform and OF driver helper
Oct  6 14:31:32 raspberrypi kernel: [    0.911963] ledtrig-cpu: registered to indicate activity on CPUs
Oct  6 14:31:32 raspberrypi kernel: [    0.914900] hidraw: raw HID events driver (C) Jiri Kosina
Oct  6 14:31:32 raspberrypi kernel: [    0.917956] usbcore: registered new interface driver usbhid
Oct  6 14:31:32 raspberrypi kernel: [    0.920716] usbhid: USB HID core driver
Oct  6 14:31:32 raspberrypi kernel: [    0.924409] vchiq: vchiq_init_state: slot_zero = 0xbad80000, is_master = 0
Oct  6 14:31:32 raspberrypi kernel: [    0.929360] Initializing XFRM netlink socket
Oct  6 14:31:32 raspberrypi kernel: [    0.932221] NET: Registered protocol family 17
Oct  6 14:31:32 raspberrypi kernel: [    0.935180] Key type dns_resolver registered
Oct  6 14:31:32 raspberrypi kernel: [    0.938390] Registering SWP/SWPB emulation handler
Oct  6 14:31:32 raspberrypi kernel: [    0.942083] registered taskstats version 1
Oct  6 14:31:32 raspberrypi kernel: [    0.945262] vc-sm: Videocore shared memory driver
Oct  6 14:31:32 raspberrypi kernel: [    0.948049] [vc_sm_connected_init]: start
Oct  6 14:31:32 raspberrypi kernel: [    0.951526] [vc_sm_connected_init]: end - returning 0
Oct  6 14:31:32 raspberrypi kernel: [    0.960621] 3f201000.serial: ttyAMA0 at MMIO 0x3f201000 (irq = 87, base_baud = 0) is a PL011 rev2
Oct  6 14:31:32 raspberrypi kernel: [    1.901489] console [ttyAMA0] enabled
Oct  6 14:31:32 raspberrypi kernel: [    1.909942] sdhost: log_buf @ bad13000 (fad13000)
Oct  6 14:31:32 raspberrypi kernel: [    1.996449] mmc0: sdhost-bcm2835 loaded - DMA enabled (>1)
Oct  6 14:31:32 raspberrypi kernel: [    2.004814] of_cfs_init
Oct  6 14:31:32 raspberrypi kernel: [    2.010083] of_cfs_init: OK
Oct  6 14:31:32 raspberrypi kernel: [    2.016019] Waiting for root device PARTUUID=9a89584d-02...
Oct  6 14:31:32 raspberrypi kernel: [    2.046558] Indeed it is in host mode hprt0 = 00021501
Oct  6 14:31:32 raspberrypi kernel: [    2.143486] random: fast init done
Oct  6 14:31:32 raspberrypi kernel: [    2.175818] mmc0: host does not support reading read-only switch, assuming write-enable
Oct  6 14:31:32 raspberrypi kernel: [    2.192538] mmc0: new high speed SDHC card at address aaaa
Oct  6 14:31:32 raspberrypi kernel: [    2.201651] mmcblk0: mmc0:aaaa SL08G 7.40 GiB
Oct  6 14:31:32 raspberrypi kernel: [    2.210876]  mmcblk0: p1 p2
Oct  6 14:31:32 raspberrypi kernel: [    2.256470] usb 1-1: new high-speed USB device number 2 using dwc_otg
Oct  6 14:31:32 raspberrypi kernel: [    2.258285] EXT4-fs (mmcblk0p2): mounted filesystem with ordered data mode. Opts: (null)
Oct  6 14:31:32 raspberrypi kernel: [    2.258349] VFS: Mounted root (ext4 filesystem) readonly on device 179:2.
Oct  6 14:31:32 raspberrypi kernel: [    2.267370] devtmpfs: mounted
Oct  6 14:31:32 raspberrypi kernel: [    2.295225] Indeed it is in host mode hprt0 = 00001101
Oct  6 14:31:32 raspberrypi kernel: [    2.296967] Freeing unused kernel memory: 1024K (80b00000 - 80c00000)
Oct  6 14:31:32 raspberrypi kernel: [    2.536907] usb 1-1: New USB device found, idVendor=0424, idProduct=9514
Oct  6 14:31:32 raspberrypi kernel: [    2.546745] usb 1-1: New USB device strings: Mfr=0, Product=0, SerialNumber=0
Oct  6 14:31:32 raspberrypi kernel: [    2.558104] hub 1-1:1.0: USB hub found
Oct  6 14:31:32 raspberrypi kernel: [    2.564991] hub 1-1:1.0: 5 ports detected
Oct  6 14:31:32 raspberrypi kernel: [    2.886482] usb 1-1.1: new high-speed USB device number 3 using dwc_otg
Oct  6 14:31:32 raspberrypi kernel: [    2.938173] NET: Registered protocol family 10
Oct  6 14:31:32 raspberrypi kernel: [    2.964703] ip_tables: (C) 2000-2006 Netfilter Core Team
Oct  6 14:31:32 raspberrypi kernel: [    3.026940] usb 1-1.1: New USB device found, idVendor=0424, idProduct=ec00
Oct  6 14:31:32 raspberrypi kernel: [    3.026953] usb 1-1.1: New USB device strings: Mfr=0, Product=0, SerialNumber=0
Oct  6 14:31:32 raspberrypi kernel: [    3.030121] smsc95xx v1.0.5
Oct  6 14:31:32 raspberrypi kernel: [    3.122474] smsc95xx 1-1.1:1.0 eth0: register 'smsc95xx' at usb-3f980000.usb-1.1, smsc95xx USB 2.0 Ethernet, b8:27:eb:21:12:13
Oct  6 14:31:32 raspberrypi kernel: [    3.153026] uart-pl011 3f201000.serial: no DMA platform data
Oct  6 14:31:32 raspberrypi kernel: [    4.355118] EXT4-fs (mmcblk0p2): re-mounted. Opts: (null)
Oct  6 14:31:32 raspberrypi kernel: [    4.980752] gpiomem-bcm2835 3f200000.gpiomem: Initialised: Registers at 0x3f200000
Oct  6 14:31:32 raspberrypi liblogging-stdlog:  [origin software="rsyslogd" swVersion="8.24.0" x-pid="313" x-info="http://www.rsyslog.com"] start
Oct  6 14:31:32 raspberrypi kernel: [    6.789144] smsc95xx 1-1.1:1.0 eth0: hardware isn't capable of remote wakeup
Oct  6 14:31:32 raspberrypi kernel: [    6.789430] IPv6: ADDRCONF(NETDEV_UP): eth0: link is not ready
Oct  6 14:31:33 raspberrypi kernel: [    7.029578] Adding 102396k swap on /var/swap.  Priority:-1 extents:1 across:102396k SSFS
Oct  6 14:31:34 raspberrypi kernel: [    8.401222] smsc95xx 1-1.1:1.0 eth0: link up, 100Mbps, full-duplex, lpa 0xC1E1
Oct  6 14:31:34 raspberrypi kernel: [    8.401433] IPv6: ADDRCONF(NETDEV_CHANGE): eth0: link becomes ready
Oct  6 14:31:55 raspberrypi kernel: [   28.935133] random: crng init done
Oct  6 15:23:46 raspberrypi liblogging-stdlog:  [origin software="rsyslogd" swVersion="8.24.0" x-pid="250" x-info="http://www.rsyslog.com"] start
Oct  6 15:23:46 raspberrypi kernel: [    0.000000] Booting Linux on physical CPU 0x0
Oct  6 15:23:46 raspberrypi kernel: [    0.000000] Linux version 4.9.41+ (dc4@dc4-XPS13-9333) (gcc version 4.9.3 (crosstool-NG crosstool-ng-1.22.0-88-g8460611) ) #1023 Tue Aug 8 15:47:12 BST 2017
Oct  6 15:23:46 raspberrypi kernel: [    0.000000] CPU: ARMv6-compatible processor [410fb767] revision 7 (ARMv7), cr=00c5387d
Oct  6 15:23:46 raspberrypi kernel: [    0.000000] CPU: PIPT / VIPT nonaliasing data cache, VIPT nonaliasing instruction cache
Oct  6 15:23:46 raspberrypi kernel: [    0.000000] OF: fdt:Machine model: Raspberry Pi Zero Rev 1.3
Oct  6 15:23:46 raspberrypi kernel: [    0.000000] cma: Reserved 8 MiB at 0x1b400000
Oct  6 15:23:46 raspberrypi kernel: [    0.000000] Memory policy: Data cache writeback
Oct  6 15:23:46 raspberrypi kernel: [    0.000000] Built 1 zonelists in Zone order, mobility grouping on.  Total pages: 113680
Oct  6 15:23:46 raspberrypi kernel: [    0.000000] Kernel command line: bcm2708_fb.fbwidth=1360 bcm2708_fb.fbheight=768 bcm2708_fb.fbswap=1 vc_mem.mem_base=0x1ec00000 vc_mem.mem_size=0x20000000  dwc_otg.lpm_enable=0 console=ttyAMA0,115200 console=tty1 root=PARTUUID=9a89584d-02 rootfstype=ext4 elevator=deadline fsck.repair=yes rootwait
Oct  6 15:23:46 raspberrypi kernel: [    0.000000] PID hash table entries: 2048 (order: 1, 8192 bytes)
Oct  6 15:23:46 raspberrypi kernel: [    0.000000] Dentry cache hash table entries: 65536 (order: 6, 262144 bytes)
Oct  6 15:23:46 raspberrypi kernel: [    0.000000] Inode-cache hash table entries: 32768 (order: 5, 131072 bytes)
Oct  6 15:23:46 raspberrypi kernel: [    0.000000] Memory: 435932K/458752K available (5949K kernel code, 489K rwdata, 1952K rodata, 400K init, 734K bss, 14628K reserved, 8192K cma-reserved)
Oct  6 15:23:46 raspberrypi kernel: [    0.000000] Virtual kernel memory layout:
Oct  6 15:23:46 raspberrypi kernel: [    0.000000]     vector  : 0xffff0000 - 0xffff1000   (   4 kB)
Oct  6 15:23:46 raspberrypi kernel: [    0.000000]     fixmap  : 0xffc00000 - 0xfff00000   (3072 kB)
Oct  6 15:23:46 raspberrypi kernel: [    0.000000]     vmalloc : 0xdc800000 - 0xff800000   ( 560 MB)
Oct  6 15:23:46 raspberrypi kernel: [    0.000000]     lowmem  : 0xc0000000 - 0xdc000000   ( 448 MB)
Oct  6 15:23:46 raspberrypi kernel: [    0.000000]     modules : 0xbf000000 - 0xc0000000   (  16 MB)
Oct  6 15:23:46 raspberrypi kernel: [    0.000000]       .text : 0xc0008000 - 0xc05d78dc   (5951 kB)
Oct  6 15:23:46 raspberrypi kernel: [    0.000000]       .init : 0xc0842000 - 0xc08a6000   ( 400 kB)
Oct  6 15:23:46 raspberrypi kernel: [    0.000000]       .data : 0xc08a6000 - 0xc0920788   ( 490 kB)
Oct  6 15:23:46 raspberrypi kernel: [    0.000000]        .bss : 0xc0920788 - 0xc09d7f88   ( 734 kB)
Oct  6 15:23:46 raspberrypi kernel: [    0.000000] SLUB: HWalign=32, Order=0-3, MinObjects=0, CPUs=1, Nodes=1
Oct  6 15:23:46 raspberrypi kernel: [    0.000000] NR_IRQS:16 nr_irqs:16 16
Oct  6 15:23:46 raspberrypi kernel: [    0.000031] sched_clock: 32 bits at 1000kHz, resolution 1000ns, wraps every 2147483647500ns
Oct  6 15:23:46 raspberrypi kernel: [    0.000077] clocksource: timer: mask: 0xffffffff max_cycles: 0xffffffff, max_idle_ns: 1911260446275 ns
Oct  6 15:23:46 raspberrypi kernel: [    0.000174] bcm2835: system timer (irq = 27)
Oct  6 15:23:46 raspberrypi kernel: [    0.000647] Console: colour dummy device 80x30
Oct  6 15:23:46 raspberrypi kernel: [    0.001398] console [tty1] enabled
Oct  6 15:23:46 raspberrypi kernel: [    0.001454] Calibrating delay loop... 697.95 BogoMIPS (lpj=3489792)
Oct  6 15:23:46 raspberrypi kernel: [    0.060350] pid_max: default: 32768 minimum: 301
Oct  6 15:23:46 raspberrypi kernel: [    0.060819] Mount-cache hash table entries: 1024 (order: 0, 4096 bytes)
Oct  6 15:23:46 raspberrypi kernel: [    0.060888] Mountpoint-cache hash table entries: 1024 (order: 0, 4096 bytes)
Oct  6 15:23:46 raspberrypi kernel: [    0.062001] Disabling cpuset control group subsystem
Oct  6 15:23:46 raspberrypi kernel: [    0.062281] CPU: Testing write buffer coherency: ok
Oct  6 15:23:46 raspberrypi kernel: [    0.062388] ftrace: allocating 21719 entries in 64 pages
Oct  6 15:23:46 raspberrypi kernel: [    0.179107] Setting up static identity map for 0x8200 - 0x8238
Oct  6 15:23:46 raspberrypi kernel: [    0.181165] devtmpfs: initialized
Oct  6 15:23:46 raspberrypi kernel: [    0.190130] VFP support v0.3: implementor 41 architecture 1 part 20 variant b rev 5
Oct  6 15:23:46 raspberrypi kernel: [    0.190662] clocksource: jiffies: mask: 0xffffffff max_cycles: 0xffffffff, max_idle_ns: 19112604462750000 ns
Oct  6 15:23:46 raspberrypi kernel: [    0.190761] futex hash table entries: 256 (order: -1, 3072 bytes)
Oct  6 15:23:46 raspberrypi kernel: [    0.192075] pinctrl core: initialized pinctrl subsystem
Oct  6 15:23:46 raspberrypi kernel: [    0.193582] NET: Registered protocol family 16
Oct  6 15:23:46 raspberrypi kernel: [    0.196028] DMA: preallocated 1024 KiB pool for atomic coherent allocations
Oct  6 15:23:46 raspberrypi kernel: [    0.205833] hw-breakpoint: found 6 breakpoint and 1 watchpoint registers.
Oct  6 15:23:46 raspberrypi kernel: [    0.205926] hw-breakpoint: maximum watchpoint size is 4 bytes.
Oct  6 15:23:46 raspberrypi kernel: [    0.206067] Serial: AMBA PL011 UART driver
Oct  6 15:23:46 raspberrypi kernel: [    0.208996] bcm2835-mbox 2000b880.mailbox: mailbox enabled
Oct  6 15:23:46 raspberrypi kernel: [    0.258317] bcm2835-dma 20007000.dma: DMA legacy API manager at dc80d000, dmachans=0x1
Oct  6 15:23:46 raspberrypi kernel: [    0.261174] SCSI subsystem initialized
Oct  6 15:23:46 raspberrypi kernel: [    0.261522] usbcore: registered new interface driver usbfs
Oct  6 15:23:46 raspberrypi kernel: [    0.261697] usbcore: registered new interface driver hub
Oct  6 15:23:46 raspberrypi kernel: [    0.261937] usbcore: registered new device driver usb
Oct  6 15:23:46 raspberrypi kernel: [    0.269182] raspberrypi-firmware soc:firmware: Attached to firmware from 2017-08-08 12:01
Oct  6 15:23:46 raspberrypi kernel: [    0.271144] clocksource: Switched to clocksource timer
Oct  6 15:23:46 raspberrypi kernel: [    0.325174] VFS: Disk quotas dquot_6.6.0
Oct  6 15:23:46 raspberrypi kernel: [    0.325373] VFS: Dquot-cache hash table entries: 1024 (order 0, 4096 bytes)
Oct  6 15:23:46 raspberrypi kernel: [    0.325734] FS-Cache: Loaded
Oct  6 15:23:46 raspberrypi kernel: [    0.326127] CacheFiles: Loaded
Oct  6 15:23:46 raspberrypi kernel: [    0.345574] NET: Registered protocol family 2
Oct  6 15:23:46 raspberrypi kernel: [    0.346976] TCP established hash table entries: 4096 (order: 2, 16384 bytes)
Oct  6 15:23:46 raspberrypi kernel: [    0.347137] TCP bind hash table entries: 4096 (order: 2, 16384 bytes)
Oct  6 15:23:46 raspberrypi kernel: [    0.347268] TCP: Hash tables configured (established 4096 bind 4096)
Oct  6 15:23:46 raspberrypi kernel: [    0.347404] UDP hash table entries: 256 (order: 0, 4096 bytes)
Oct  6 15:23:46 raspberrypi kernel: [    0.347472] UDP-Lite hash table entries: 256 (order: 0, 4096 bytes)
Oct  6 15:23:46 raspberrypi kernel: [    0.347825] NET: Registered protocol family 1
Oct  6 15:23:46 raspberrypi kernel: [    0.348625] RPC: Registered named UNIX socket transport module.
Oct  6 15:23:46 raspberrypi kernel: [    0.348701] RPC: Registered udp transport module.
Oct  6 15:23:46 raspberrypi kernel: [    0.348740] RPC: Registered tcp transport module.
Oct  6 15:23:46 raspberrypi kernel: [    0.348775] RPC: Registered tcp NFSv4.1 backchannel transport module.
Oct  6 15:23:46 raspberrypi kernel: [    0.349899] hw perfevents: enabled with armv6_1176 PMU driver, 3 counters available
Oct  6 15:23:46 raspberrypi kernel: [    0.352530] workingset: timestamp_bits=14 max_order=17 bucket_order=3
Oct  6 15:23:46 raspberrypi kernel: [    0.372850] FS-Cache: Netfs 'nfs' registered for caching
Oct  6 15:23:46 raspberrypi kernel: [    0.374685] NFS: Registering the id_resolver key type
Oct  6 15:23:46 raspberrypi kernel: [    0.374800] Key type id_resolver registered
Oct  6 15:23:46 raspberrypi kernel: [    0.374843] Key type id_legacy registered
Oct  6 15:23:46 raspberrypi kernel: [    0.379337] Block layer SCSI generic (bsg) driver version 0.4 loaded (major 251)
Oct  6 15:23:46 raspberrypi kernel: [    0.379801] io scheduler noop registered
Oct  6 15:23:46 raspberrypi kernel: [    0.379866] io scheduler deadline registered (default)
Oct  6 15:23:46 raspberrypi kernel: [    0.380365] io scheduler cfq registered
Oct  6 15:23:46 raspberrypi kernel: [    0.386418] BCM2708FB: allocated DMA memory 5b500000
Oct  6 15:23:46 raspberrypi kernel: [    0.386549] BCM2708FB: allocated DMA channel 0 @ dc80d000
Oct  6 15:23:46 raspberrypi kernel: [    0.411989] Console: switching to colour frame buffer device 170x48
Oct  6 15:23:46 raspberrypi kernel: [    0.433815] bcm2835-rng 20104000.rng: hwrng registered
Oct  6 15:23:46 raspberrypi kernel: [    0.434212] vc-cma: Videocore CMA driver
Oct  6 15:23:46 raspberrypi kernel: [    0.434376] vc-cma: vc_cma_base      = 0x00000000
Oct  6 15:23:46 raspberrypi kernel: [    0.434552] vc-cma: vc_cma_size      = 0x00000000 (0 MiB)
Oct  6 15:23:46 raspberrypi kernel: [    0.434742] vc-cma: vc_cma_initial   = 0x00000000 (0 MiB)
Oct  6 15:23:46 raspberrypi kernel: [    0.435359] vc-mem: phys_addr:0x00000000 mem_base=0x1ec00000 mem_size:0x20000000(512 MiB)
Oct  6 15:23:46 raspberrypi kernel: [    0.462560] brd: module loaded
Oct  6 15:23:46 raspberrypi kernel: [    0.475978] loop: module loaded
Oct  6 15:23:46 raspberrypi kernel: [    0.476164] Loading iSCSI transport class v2.0-870.
Oct  6 15:23:46 raspberrypi kernel: [    0.477303] usbcore: registered new interface driver smsc95xx
Oct  6 15:23:46 raspberrypi kernel: [    0.477566] dwc_otg: version 3.00a 10-AUG-2012 (platform bus)
Oct  6 15:23:46 raspberrypi kernel: [    0.706159] Core Release: 2.80a
Oct  6 15:23:46 raspberrypi kernel: [    0.706345] Setting default values for core params
Oct  6 15:23:46 raspberrypi kernel: [    0.712426] Finished setting default values for core params
Oct  6 15:23:46 raspberrypi kernel: [    0.918809] Using Buffer DMA mode
Oct  6 15:23:46 raspberrypi kernel: [    0.924731] Periodic Transfer Interrupt Enhancement - disabled
Oct  6 15:23:46 raspberrypi kernel: [    0.930683] Multiprocessor Interrupt Enhancement - disabled
Oct  6 15:23:46 raspberrypi kernel: [    0.936704] OTG VER PARAM: 0, OTG VER FLAG: 0
Oct  6 15:23:46 raspberrypi kernel: [    0.942719] Dedicated Tx FIFOs mode
Oct  6 15:23:46 raspberrypi kernel: [    0.949263] WARN::dwc_otg_hcd_init:1032: FIQ DMA bounce buffers: virt = 0xdb514000 dma = 0x5b514000 len=9024
Oct  6 15:23:46 raspberrypi kernel: [    0.955553] FIQ FSM acceleration enabled for :
Oct  6 15:23:46 raspberrypi kernel: [    0.955553] Non-periodic Split Transactions
Oct  6 15:23:46 raspberrypi kernel: [    0.955553] Periodic Split Transactions
Oct  6 15:23:46 raspberrypi kernel: [    0.955553] High-Speed Isochronous Endpoints
Oct  6 15:23:46 raspberrypi kernel: [    0.955553] Interrupt/Control Split Transaction hack enabled
Oct  6 15:23:46 raspberrypi kernel: [    0.985220] WARN::hcd_init_fiq:459: FIQ on core 0 at 0xc04519f4
Oct  6 15:23:46 raspberrypi kernel: [    0.991314] WARN::hcd_init_fiq:460: FIQ ASM at 0xc0451cd0 length 36
Oct  6 15:23:46 raspberrypi kernel: [    0.997390] WARN::hcd_init_fiq:486: MPHI regs_base at 0xdc8a5000
Oct  6 15:23:46 raspberrypi kernel: [    1.003569] dwc_otg 20980000.usb: DWC OTG Controller
Oct  6 15:23:46 raspberrypi kernel: [    1.009597] dwc_otg 20980000.usb: new USB bus registered, assigned bus number 1
Oct  6 15:23:46 raspberrypi kernel: [    1.015782] dwc_otg 20980000.usb: irq 56, io mem 0x00000000
Oct  6 15:23:46 raspberrypi kernel: [    1.021872] Init: Port Power? op_state=1
Oct  6 15:23:46 raspberrypi kernel: [    1.027712] Init: Power Port (0)
Oct  6 15:23:46 raspberrypi kernel: [    1.033974] usb usb1: New USB device found, idVendor=1d6b, idProduct=0002
Oct  6 15:23:46 raspberrypi kernel: [    1.040015] usb usb1: New USB device strings: Mfr=3, Product=2, SerialNumber=1
Oct  6 15:23:46 raspberrypi kernel: [    1.045990] usb usb1: Product: DWC OTG Controller
Oct  6 15:23:46 raspberrypi kernel: [    1.051914] usb usb1: Manufacturer: Linux 4.9.41+ dwc_otg_hcd
Oct  6 15:23:46 raspberrypi kernel: [    1.057752] usb usb1: SerialNumber: 20980000.usb
Oct  6 15:23:46 raspberrypi kernel: [    1.064936] hub 1-0:1.0: USB hub found
Oct  6 15:23:46 raspberrypi kernel: [    1.071033] hub 1-0:1.0: 1 port detected
Oct  6 15:23:46 raspberrypi kernel: [    1.078536] usbcore: registered new interface driver usb-storage
Oct  6 15:23:46 raspberrypi kernel: [    1.085270] mousedev: PS/2 mouse device common for all mice
Oct  6 15:23:46 raspberrypi kernel: [    1.093080] bcm2835-wdt 20100000.watchdog: Broadcom BCM2835 watchdog timer
Oct  6 15:23:46 raspberrypi kernel: [    1.099744] bcm2835-cpufreq: min=700000 max=1000000
Oct  6 15:23:46 raspberrypi kernel: [    1.106520] sdhci: Secure Digital Host Controller Interface driver
Oct  6 15:23:46 raspberrypi kernel: [    1.112702] sdhci: Copyright(c) Pierre Ossman
Oct  6 15:23:46 raspberrypi kernel: [    1.119324] sdhost-bcm2835 20202000.sdhost: could not get clk, deferring probe
Oct  6 15:23:46 raspberrypi kernel: [    1.126086] sdhci-pltfm: SDHCI platform and OF driver helper
Oct  6 15:23:46 raspberrypi kernel: [    1.133298] ledtrig-cpu: registered to indicate activity on CPUs
Oct  6 15:23:46 raspberrypi kernel: [    1.139780] hidraw: raw HID events driver (C) Jiri Kosina
Oct  6 15:23:46 raspberrypi kernel: [    1.146400] usbcore: registered new interface driver usbhid
Oct  6 15:23:46 raspberrypi kernel: [    1.152779] usbhid: USB HID core driver
Oct  6 15:23:46 raspberrypi kernel: [    1.160345] vchiq: vchiq_init_state: slot_zero = 0xdb580000, is_master = 0
